Component: ARM Compiler 6.14 Tool: armlink [5db06800]

==============================================================================

Section Cross References

    main.o(.text) refers (Special) to _printf_f.o(.ARM.Collect$$_printf_percent$$00000003) for _printf_f
    main.o(.text) refers (Special) to printf1.o(x$fpl$printf1) for _printf_fp_dec
    main.o(.text) refers (Special) to _printf_percent.o(.ARM.Collect$$_printf_percent$$00000000) for _printf_percent
    main.o(.text.PIT_IRQHandler) refers (Special) to _printf_f.o(.ARM.Collect$$_printf_percent$$00000003) for _printf_f
    main.o(.text.PIT_IRQHandler) refers (Special) to printf1.o(x$fpl$printf1) for _printf_fp_dec
    main.o(.text.PIT_IRQHandler) refers (Special) to _printf_percent.o(.ARM.Collect$$_printf_percent$$00000000) for _printf_percent
    main.o(.text.PIT_IRQHandler) refers to dflti.o(.text) for __aeabi_i2d
    main.o(.text.PIT_IRQHandler) refers to ddiv.o(.text) for __aeabi_ddiv
    main.o(.text.PIT_IRQHandler) refers to dmul.o(.text) for __aeabi_dmul
    main.o(.text.PIT_IRQHandler) refers to noretval__2sprintf.o(.text) for __2sprintf
    main.o(.text.PIT_IRQHandler) refers to lcd1602.o(.text.LCD1602_SetCursor) for LCD1602_SetCursor
    main.o(.text.PIT_IRQHandler) refers to lcd1602.o(.text.LCD1602_Print) for LCD1602_Print
    main.o(.text.PIT_IRQHandler) refers to main.o(.bss.PIT_enable) for PIT_enable
    main.o(.text.PIT_IRQHandler) refers to main.o(.data.w2) for [Anonymous Symbol]
    main.o(.text.PIT_IRQHandler) refers to main.o(.bss.freq) for freq
    main.o(.text.PIT_IRQHandler) refers to main.o(.data.display) for display
    main.o(.ARM.exidx.text.PIT_IRQHandler) refers (Special) to _printf_f.o(.ARM.Collect$$_printf_percent$$00000003) for _printf_f
    main.o(.ARM.exidx.text.PIT_IRQHandler) refers (Special) to printf1.o(x$fpl$printf1) for _printf_fp_dec
    main.o(.ARM.exidx.text.PIT_IRQHandler) refers (Special) to _printf_percent.o(.ARM.Collect$$_printf_percent$$00000000) for _printf_percent
    main.o(.ARM.exidx.text.PIT_IRQHandler) refers to main.o(.text.PIT_IRQHandler) for [Anonymous Symbol]
    main.o(.text.main) refers (Special) to _printf_f.o(.ARM.Collect$$_printf_percent$$00000003) for _printf_f
    main.o(.text.main) refers (Special) to printf1.o(x$fpl$printf1) for _printf_fp_dec
    main.o(.text.main) refers (Special) to _printf_percent.o(.ARM.Collect$$_printf_percent$$00000000) for _printf_percent
    main.o(.text.main) refers to main.o(.text.SysTick_Init) for SysTick_Init
    main.o(.text.main) refers to buttons.o(.text.buttonsInitialize) for buttonsInitialize
    main.o(.text.main) refers to main.o(.text.SineInit) for SineInit
    main.o(.text.main) refers to main.o(.text.SawInit) for SawInit
    main.o(.text.main) refers to main.o(.text.TriangleInit) for TriangleInit
    main.o(.text.main) refers to lcd1602.o(.text.LCD1602_Init) for LCD1602_Init
    main.o(.text.main) refers to lcd1602.o(.text.LCD1602_Backlight) for LCD1602_Backlight
    main.o(.text.main) refers to tsi.o(.text.TSI_Init) for TSI_Init
    main.o(.text.main) refers to dac.o(.text.DAC_Init) for DAC_Init
    main.o(.text.main) refers to pit.o(.text.PIT_Init) for PIT_Init
    main.o(.text.main) refers to dac.o(.text.DAC_Load_Trig) for DAC_Load_Trig
    main.o(.text.main) refers to tsi.o(.text.TSI_ReadSlider) for TSI_ReadSlider
    main.o(.text.main) refers to aeabi_sdivfast.o(.text_divfast) for __aeabi_uidiv
    main.o(.text.main) refers to main.o(.text.SysTick_Config) for SysTick_Config
    main.o(.text.main) refers to dmul.o(.text) for __aeabi_dmul
    main.o(.text.main) refers to dfixi.o(.text) for __aeabi_d2iz
    main.o(.text.main) refers to main.o(.bss.Sinus) for Sinus
    main.o(.text.main) refers to main.o(.bss.Saw) for Saw
    main.o(.text.main) refers to main.o(.bss.Triangle) for Triangle
    main.o(.text.main) refers to main.o(.bss.PIT_enable) for PIT_enable
    main.o(.text.main) refers to main.o(.data.w2) for [Anonymous Symbol]
    main.o(.text.main) refers to main.o(.data.wynik_ok) for wynik_ok
    main.o(.text.main) refers to main.o(.bss.beep) for beep
    main.o(.ARM.exidx.text.main) refers (Special) to _printf_f.o(.ARM.Collect$$_printf_percent$$00000003) for _printf_f
    main.o(.ARM.exidx.text.main) refers (Special) to printf1.o(x$fpl$printf1) for _printf_fp_dec
    main.o(.ARM.exidx.text.main) refers (Special) to _printf_percent.o(.ARM.Collect$$_printf_percent$$00000000) for _printf_percent
    main.o(.ARM.exidx.text.main) refers to main.o(.text.main) for [Anonymous Symbol]
    main.o(.text.SysTick_Init) refers (Special) to _printf_f.o(.ARM.Collect$$_printf_percent$$00000003) for _printf_f
    main.o(.text.SysTick_Init) refers (Special) to printf1.o(x$fpl$printf1) for _printf_fp_dec
    main.o(.text.SysTick_Init) refers (Special) to _printf_percent.o(.ARM.Collect$$_printf_percent$$00000000) for _printf_percent
    main.o(.text.SysTick_Init) refers to aeabi_sdivfast.o(.text_divfast) for __aeabi_uidiv
[...]
    Removing buttons.o(.ARM.exidx.text.__NVIC_EnableIRQ), (8 bytes).
    Removing buttons.o(.ARM.exidx.text.__NVIC_SetPriority), (8 bytes).
    Removing lcd1602.o(.text), (0 bytes).
    Removing lcd1602.o(.ARM.exidx.text.LCD1602_Init), (8 bytes).
    Removing lcd1602.o(.ARM.exidx.text.PCF8574_Write), (8 bytes).
    Removing lcd1602.o(.ARM.exidx.text.LCD1602_Write8), (8 bytes).
    Removing lcd1602.o(.ARM.exidx.text.LCD1602_SetCursor), (8 bytes).
    Removing lcd1602.o(.text.LCD1602_ClearAll), (12 bytes).
    Removing lcd1602.o(.ARM.exidx.text.LCD1602_ClearAll), (8 bytes).
    Removing lcd1602.o(.ARM.exidx.text.LCD1602_Print), (8 bytes).
    Removing lcd1602.o(.ARM.exidx.text.LCD1602_Backlight), (8 bytes).
    Removing lcd1602.o(.ARM.exidx.text.LCD1602_Write4), (8 bytes).
    Removing i2c.o(.text), (0 bytes).
    Removing i2c.o(.ARM.exidx.text.I2C_Init), (8 bytes).
    Removing i2c.o(.ARM.exidx.text.I2C_Write), (8 bytes).
    Removing i2c.o(.ARM.exidx.text.i2c_enable), (8 bytes).
    Removing i2c.o(.ARM.exidx.text.i2c_tran), (8 bytes).
    Removing i2c.o(.ARM.exidx.text.i2c_m_start), (8 bytes).
    Removing i2c.o(.ARM.exidx.text.i2c_send), (8 bytes).
    Removing i2c.o(.ARM.exidx.text.i2c_wait), (8 bytes).
    Removing i2c.o(.ARM.exidx.text.i2c_m_stop), (8 bytes).
    Removing i2c.o(.ARM.exidx.text.i2c_disable), (8 bytes).
    Removing i2c.o(.text.i2c_m_rstart), (16 bytes).
    Removing i2c.o(.ARM.exidx.text.i2c_m_rstart), (8 bytes).
    Removing pit.o(.text), (0 bytes).
    Removing pit.o(.ARM.exidx.text.PIT_Init), (8 bytes).
    Removing pit.o(.ARM.exidx.text.__NVIC_ClearPendingIRQ), (8 bytes).
    Removing pit.o(.ARM.exidx.text.__NVIC_EnableIRQ), (8 bytes).
    Removing system_mkl05z4.o(.text), (0 bytes).
    Removing system_mkl05z4.o(.ARM.exidx.text.SystemInit), (8 bytes).
    Removing system_mkl05z4.o(.text.SystemCoreClockUpdate), (184 bytes).
    Removing system_mkl05z4.o(.ARM.exidx.text.SystemCoreClockUpdate), (8 bytes).

59 unused section(s) (total 592 bytes) removed from the image.

==============================================================================

Image Symbol Table

    Local Symbols

    Symbol Name                              Value     Ov Type        Size  Object(Section)

    ../clib/angel/boardlib.s                 0x00000000   Number         0  boardinit1.o ABSOLUTE
    ../clib/angel/boardlib.s                 0x00000000   Number         0  boardinit2.o ABSOLUTE
    ../clib/angel/boardlib.s                 0x00000000   Number         0  boardinit3.o ABSOLUTE
    ../clib/angel/boardlib.s                 0x00000000   Number         0  boardshut.o ABSOLUTE
    ../clib/angel/handlers.s                 0x00000000   Number         0  __scatter_copy.o ABSOLUTE
    ../clib/angel/handlers.s                 0x00000000   Number         0  __scatter_zi.o ABSOLUTE
    ../clib/angel/kernel.s                   0x00000000   Number         0  __rtentry.o ABSOLUTE
    ../clib/angel/kernel.s                   0x00000000   Number         0  __rtentry2.o ABSOLUTE
    ../clib/angel/kernel.s                   0x00000000   Number         0  __rtentry4.o ABSOLUTE
    ../clib/angel/kernel.s                   0x00000000   Number         0  rtexit.o ABSOLUTE
    ../clib/angel/kernel.s                   0x00000000   Number         0  rtexit2.o ABSOLUTE
    ../clib/angel/rt.s                       0x00000000   Number         0  aeabi_idiv0.o ABSOLUTE
    ../clib/angel/rt.s                       0x00000000   Number         0  aeabi_idiv0_sigfpe.o ABSOLUTE
    ../clib/angel/rt.s                       0x00000000   Number         0  rt_div0.o ABSOLUTE
    ../clib/angel/rt.s                       0x00000000   Number         0  rt_locale.o ABSOLUTE
    ../clib/angel/rt.s                       0x00000000   Number         0  rt_locale_intlibspace.o ABSOLUTE
    ../clib/angel/rt.s                       0x00000000   Number         0  rt_errno_addr.o ABSOLUTE
    ../clib/angel/rt.s                       0x00000000   Number         0  rt_errno_addr_intlibspace.o ABSOLUTE
    ../clib/angel/rt.s                       0x00000000   Number         0  rt_raise.o ABSOLUTE
    ../clib/angel/scatterp.s                 0x00000000   Number         0  __scatter.o ABSOLUTE
    ../clib/angel/startup.s                  0x00000000   Number         0  __main.o ABSOLUTE
    ../clib/angel/sys.s                      0x00000000   Number         0  libspace.o ABSOLUTE
    ../clib/angel/sys.s                      0x00000000   Number         0  sys_stackheap_outer.o ABSOLUTE
    ../clib/angel/sys.s                      0x00000000   Number         0  tempstk.o ABSOLUTE
    ../clib/angel/sys.s                      0x00000000   Number         0  use_no_semi.o ABSOLUTE
    ../clib/angel/sys.s                      0x00000000   Number         0  indicate_semi.o ABSOLUTE
    ../clib/angel/sysapp.c                   0x00000000   Number         0  sys_exit.o ABSOLUTE
    ../clib/angel/sysapp.c                   0x00000000   Number         0  sys_exit_hlt.o ABSOLUTE
    ../clib/angel/sysapp.c                   0x00000000   Number         0  sys_wrch.o ABSOLUTE
    ../clib/angel/sysapp.c                   0x00000000   Number         0  sys_command.o ABSOLUTE
    ../clib/angel/sysapp.c                   0x00000000   Number         0  sys_wrch_hlt.o ABSOLUTE
    ../clib/angel/sysapp.c                   0x00000000   Number         0  sys_command_hlt.o ABSOLUTE
    ../clib/armsys.c                         0x00000000   Number         0  argv_veneer.o ABSOLUTE
    ../clib/armsys.c                         0x00000000   Number         0  _get_argv_nomalloc.o ABSOLUTE
    ../clib/armsys.c                         0x00000000   Number         0  no_argv.o ABSOLUTE
    ../clib/bigflt.c                         0x00000000   Number         0  bigflt0.o ABSOLUTE
    ../clib/btod.c                           0x00000000   Number         0  btod.o ABSOLUTE
    ../clib/btod_accurate.c                  0x00000000   Number         0  btod_accurate.o ABSOLUTE
    ../clib/btod_accurate.c                  0x00000000   Number         0  btod_accurate_common.o ABSOLUTE
    ../clib/division.c                       0x00000000   Number         0  lludiv10.o ABSOLUTE
    ../clib/division.c                       0x00000000   Number         0  rtudiv10.o ABSOLUTE
    ../clib/division.s                       0x00000000   Number         0  aeabi_sdivfast.o ABSOLUTE
    ../clib/division.s                       0x00000000   Number         0  aeabi_sdivfast_div0.o ABSOLUTE
    ../clib/fenv.c                           0x00000000   Number         0  _rserrno.o ABSOLUTE
    ../clib/heapalloc.c                      0x00000000   Number         0  hrguard.o ABSOLUTE
    ../clib/heapaux.c                        0x00000000   Number         0  heapauxi.o ABSOLUTE
    ../clib/libinit.s                        0x00000000   Number         0  libinit.o ABSOLUTE
    ../clib/libinit.s                        0x00000000   Number         0  libinit2.o ABSOLUTE
    ../clib/libinit.s                        0x00000000   Number         0  libshutdown.o ABSOLUTE
    ../clib/libinit.s                        0x00000000   Number         0  libshutdown2.o ABSOLUTE
    ../clib/locale.s                         0x00000000   Number         0  lc_numeric_c.o ABSOLUTE
    ../clib/longlong.c                       0x00000000   Number         0  llushr.o ABSOLUTE
    ../clib/memcpset.s                       0x00000000   Number         0  strcmpv6m.o ABSOLUTE
    ../clib/misc.s                           0x00000000   Number         0  printf_stubs.o ABSOLUTE
    ../clib/printf.c                         0x00000000   Number         0  __2sprintf.o ABSOLUTE
    ../clib/printf.c                         0x00000000   Number         0  noretval__2sprintf.o ABSOLUTE
    ../clib/printf.c                         0x00000000   Number         0  __printf.o ABSOLUTE
    ../clib/printf.c                         0x00000000   Number         0  __printf_flags.o ABSOLUTE
    ../clib/printf.c                         0x00000000   Number         0  __printf_ss.o ABSOLUTE
    ../clib/printf.c                         0x00000000   Number         0  __printf_flags_ss.o ABSOLUTE
    ../clib/printf.c                         0x00000000   Number         0  __printf_wp.o ABSOLUTE
    ../clib/printf.c                         0x00000000   Number         0  __printf_flags_wp.o ABSOLUTE
    ../clib/printf.c                         0x00000000   Number         0  __printf_ss_wp.o ABSOLUTE
    ../clib/printf.c                         0x00000000   Number         0  __printf_flags_ss_wp.o ABSOLUTE
    ../clib/printf.c                         0x00000000   Number         0  _printf_fp_dec.o ABSOLUTE
    ../clib/printf.c                         0x00000000   Number         0  _printf_fp_dec_accurate.o ABSOLUTE
    ../clib/printf.c                         0x00000000   Number         0  _printf_char_common.o ABSOLUTE
    ../clib/printf.c                         0x00000000   Number         0  _sputc.o ABSOLUTE
    ../clib/printf.c                         0x00000000   Number         0  _printf_fp_infnan.o ABSOLUTE
    ../clib/printf.c                         0x00000000   Number         0  __printf_nopercent.o ABSOLUTE
    ../clib/printf_percent.s                 0x00000000   Number         0  _printf_f.o ABSOLUTE
    ../clib/printf_percent.s                 0x00000000   Number         0  _printf_percent.o ABSOLUTE
    ../clib/printf_percent.s                 0x00000000   Number         0  _printf_percent_end.o ABSOLUTE
    ../clib/signal.c                         0x00000000   Number         0  defsig_fpe_outer.o ABSOLUTE
    ../clib/signal.c                         0x00000000   Number         0  defsig_fpe_formal.o ABSOLUTE
    ../clib/signal.c                         0x00000000   Number         0  defsig_exit.o ABSOLUTE
    ../clib/signal.c                         0x00000000   Number         0  defsig_fpe_inner.o ABSOLUTE
    ../clib/signal.c                         0x00000000   Number         0  __raise.o ABSOLUTE
    ../clib/signal.c                         0x00000000   Number         0  defsig_general.o ABSOLUTE
    ../clib/signal.c                         0x00000000   Number         0  defsig_rtmem_outer.o ABSOLUTE
    ../clib/signal.c                         0x00000000   Number         0  defsig_rtmem_formal.o ABSOLUTE
    ../clib/signal.c                         0x00000000   Number         0  defsig_abrt_inner.o ABSOLUTE
    ../clib/signal.c                         0x00000000   Number         0  defsig_rtred_inner.o ABSOLUTE
    ../clib/signal.c                         0x00000000   Number         0  defsig_rtmem_inner.o ABSOLUTE
    ../clib/signal.c                         0x00000000   Number         0  defsig_stak_inner.o ABSOLUTE
    ../clib/signal.c                         0x00000000   Number         0  defsig_pvfn_inner.o ABSOLUTE
    ../clib/signal.c                         0x00000000   Number         0  defsig_cppl_inner.o ABSOLUTE
    ../clib/signal.c                         0x00000000   Number         0  defsig_segv_inner.o ABSOLUTE
    ../clib/signal.c                         0x00000000   Number         0  defsig_other.o ABSOLUTE
    ../clib/signal.s                         0x00000000   Number         0  defsig.o ABSOLUTE
    ../clib/stdlib.c                         0x00000000   Number         0  exit.o ABSOLUTE
    ../fplib/cfplib/daddsub.c                0x00000000   Number         0  daddsub.o ABSOLUTE
    ../fplib/cfplib/ddiv.c                   0x00000000   Number         0  ddiv.o ABSOLUTE
    ../fplib/cfplib/dmul.c                   0x00000000   Number         0  dmul.o ABSOLUTE
    ../fplib/cfplib/ffix.c                   0x00000000   Number         0  dfixi.o ABSOLUTE
    ../fplib/cfplib/fflt.c                   0x00000000   Number         0  dflti.o ABSOLUTE
    ../fplib/cfplib/fpinit.c                 0x00000000   Number         0  fpinit.o ABSOLUTE
    ../fplib/cfplib/ieee_status.c            0x00000000   Number         0  ieee_status.o ABSOLUTE
    ../fplib/cfplib/scalbn.c                 0x00000000   Number         0  dscalbn.o ABSOLUTE
    ../fplib/printf1.s                       0x00000000   Number         0  printf1.o ABSOLUTE
    ../fplib/usenofp.s                       0x00000000   Number         0  usenofp.o ABSOLUTE
    ../mathlib/cos_i.c                       0x00000000   Number         0  cos_i.o ABSOLUTE
    ../mathlib/dunder.c                      0x00000000   Number         0  dunder.o ABSOLUTE
    ../mathlib/fpclassify.c                  0x00000000   Number         0  fpclassify.o ABSOLUTE
    ../mathlib/poly.c                        0x00000000   Number         0  poly.o ABSOLUTE
    ../mathlib/rred.c                        0x00000000   Number         0  rred.o ABSOLUTE
    ../mathlib/sin.c                         0x00000000   Number         0  sin.o ABSOLUTE
    ../mathlib/sin.c                         0x00000000   Number         0  sin_x.o ABSOLUTE
    ../mathlib/sin_i.c                       0x00000000   Number         0  sin_i.o ABSOLUTE
    ../mathlib/sin_i.c                       0x00000000   Number         0  sin_i_x.o ABSOLUTE
    DAC.c                                    0x00000000   Number         0  dac.o ABSOLUTE
    RTE/Device/MKL05Z32xxx4/startup_MKL05Z4.s 0x00000000   Number         0  startup_mkl05z4.o ABSOLUTE
    buttons.c                                0x00000000   Number         0  buttons.o ABSOLUTE
    dc.s                                     0x00000000   Number         0  dc.o ABSOLUTE
    i2c.c                                    0x00000000   Number         0  i2c.o ABSOLUTE
    lcd1602.c                                0x00000000   Number         0  lcd1602.o ABSOLUTE
    main.c                                   0x00000000   Number         0  main.o ABSOLUTE
    pit.c                                    0x00000000   Number         0  pit.o ABSOLUTE
    system_MKL05Z4.c                         0x00000000   Number         0  system_mkl05z4.o ABSOLUTE
    tsi.c                                    0x00000000   Number         0  tsi.o ABSOLUTE
    RESET                                    0x00000000   Section      192  startup_mkl05z4.o(RESET)
    !!!main                                  0x000000c0   Section        8  __main.o(!!!main)
    !!!scatter                               0x000000c8   Section       60  __scatter.o(!!!scatter)
    !!handler_copy                           0x00000104   Section       26  __scatter_copy.o(!!handler_copy)
    !!handler_zi                             0x00000120   Section       28  __scatter_zi.o(!!handler_zi)
    .ARM.Collect$$_printf_percent$$00000000  0x0000013c   Section        2  _printf_percent.o(.ARM.Collect$$_printf_percent$$00000000)
    .ARM.Collect$$_printf_percent$$00000003  0x0000013e   Section       10  _printf_f.o(.ARM.Collect$$_printf_percent$$00000003)
    .ARM.Collect$$_printf_percent$$00000017  0x00000148   Section        4  _printf_percent_end.o(.ARM.Collect$$_printf_percent$$00000017)
    .ARM.Collect$$libinit$$00000000          0x0000014c   Section        2  libinit.o(.ARM.Collect$$libinit$$00000000)
    .ARM.Collect$$libinit$$00000002          0x0000014e   Section        0  libinit2.o(.ARM.Collect$$libinit$$00000002)
    .ARM.Collect$$libinit$$00000004          0x0000014e   Section        0  libinit2.o(.ARM.Collect$$libinit$$00000004)
    .ARM.Collect$$libinit$$0000000A          0x0000014e   Section        0  libinit2.o(.ARM.Collect$$libinit$$0000000A)
    .ARM.Collect$$libinit$$0000000C          0x0000014e   Section        0  libinit2.o(.ARM.Collect$$libinit$$0000000C)
    .ARM.Collect$$libinit$$0000000E          0x0000014e   Section        0  libinit2.o(.ARM.Collect$$libinit$$0000000E)
    .ARM.Collect$$libinit$$0000000F          0x0000014e   Section        6  libinit2.o(.ARM.Collect$$libinit$$0000000F)
    .ARM.Collect$$libinit$$00000011          0x00000154   Section        0  libinit2.o(.ARM.Collect$$libinit$$00000011)
    .ARM.Collect$$libinit$$00000013          0x00000154   Section        0  libinit2.o(.ARM.Collect$$libinit$$00000013)
    .ARM.Collect$$libinit$$00000015          0x00000154   Section        0  libinit2.o(.ARM.Collect$$libinit$$00000015)
    .ARM.Collect$$libinit$$00000016          0x00000154   Section       10  libinit2.o(.ARM.Collect$$libinit$$00000016)
    .ARM.Collect$$libinit$$00000017          0x0000015e   Section        0  libinit2.o(.ARM.Collect$$libinit$$00000017)
    .ARM.Collect$$libinit$$00000019          0x0000015e   Section        0  libinit2.o(.ARM.Collect$$libinit$$00000019)
    .ARM.Collect$$libinit$$0000001B          0x0000015e   Section        0  libinit2.o(.ARM.Collect$$libinit$$0000001B)
    .ARM.Collect$$libinit$$0000001D          0x0000015e   Section        0  libinit2.o(.ARM.Collect$$libinit$$0000001D)
    .ARM.Collect$$libinit$$0000001F          0x0000015e   Section        0  libinit2.o(.ARM.Collect$$libinit$$0000001F)
    .ARM.Collect$$libinit$$00000021          0x0000015e   Section        0  libinit2.o(.ARM.Collect$$libinit$$00000021)
    .ARM.Collect$$libinit$$00000023          0x0000015e   Section        0  libinit2.o(.ARM.Collect$$libinit$$00000023)
    .ARM.Collect$$libinit$$00000025          0x0000015e   Section        0  libinit2.o(.ARM.Collect$$libinit$$00000025)
    .ARM.Collect$$libinit$$0000002C          0x0000015e   Section        0  libinit2.o(.ARM.Collect$$libinit$$0000002C)
    .ARM.Collect$$libinit$$0000002E          0x0000015e   Section        0  libinit2.o(.ARM.Collect$$libinit$$0000002E)
    .ARM.Collect$$libinit$$00000030          0x0000015e   Section        0  libinit2.o(.ARM.Collect$$libinit$$00000030)
    .ARM.Collect$$libinit$$00000032          0x0000015e   Section        0  libinit2.o(.ARM.Collect$$libinit$$00000032)
    .ARM.Collect$$libinit$$00000033          0x0000015e   Section        2  libinit2.o(.ARM.Collect$$libinit$$00000033)
    .ARM.Collect$$libshutdown$$00000000      0x00000160   Section        2  libshutdown.o(.ARM.Collect$$libshutdown$$00000000)
    .ARM.Collect$$libshutdown$$00000002      0x00000162   Section        0  libshutdown2.o(.ARM.Collect$$libshutdown$$00000002)
    .ARM.Collect$$libshutdown$$00000004      0x00000162   Section        0  libshutdown2.o(.ARM.Collect$$libshutdown$$00000004)
    .ARM.Collect$$libshutdown$$00000007      0x00000162   Section        0  libshutdown2.o(.ARM.Collect$$libshutdown$$00000007)
    .ARM.Collect$$libshutdown$$0000000A      0x00000162   Section        0  libshutdown2.o(.ARM.Collect$$libshutdown$$0000000A)
    .ARM.Collect$$libshutdown$$0000000C      0x00000162   Section        0  libshutdown2.o(.ARM.Collect$$libshutdown$$0000000C)
    .ARM.Collect$$libshutdown$$0000000F      0x00000162   Section        0  libshutdown2.o(.ARM.Collect$$libshutdown$$0000000F)
    .ARM.Collect$$libshutdown$$00000010      0x00000162   Section        2  libshutdown2.o(.ARM.Collect$$libshutdown$$00000010)
    .ARM.Collect$$rtentry$$00000000          0x00000164   Section        0  __rtentry.o(.ARM.Collect$$rtentry$$00000000)
    .ARM.Collect$$rtentry$$00000002          0x00000164   Section        0  __rtentry2.o(.ARM.Collect$$rtentry$$00000002)
    .ARM.Collect$$rtentry$$00000004          0x00000164   Section        6  __rtentry4.o(.ARM.Collect$$rtentry$$00000004)
    .ARM.Collect$$rtentry$$00000009          0x0000016a   Section        0  __rtentry2.o(.ARM.Collect$$rtentry$$00000009)
    .ARM.Collect$$rtentry$$0000000A          0x0000016a   Section        4  __rtentry2.o(.ARM.Collect$$rtentry$$0000000A)
    .ARM.Collect$$rtentry$$0000000C          0x0000016e   Section        0  __rtentry2.o(.ARM.Collect$$rtentry$$0000000C)
    .ARM.Collect$$rtentry$$0000000D          0x0000016e   Section        8  __rtentry2.o(.ARM.Collect$$rtentry$$0000000D)
    .ARM.Collect$$rtexit$$00000000           0x00000176   Section        2  rtexit.o(.ARM.Collect$$rtexit$$00000000)
    .ARM.Collect$$rtexit$$00000002           0x00000178   Section        0  rtexit2.o(.ARM.Collect$$rtexit$$00000002)
    .ARM.Collect$$rtexit$$00000003           0x00000178   Section        4  rtexit2.o(.ARM.Collect$$rtexit$$00000003)
    .ARM.Collect$$rtexit$$00000004           0x0000017c   Section        6  rtexit2.o(.ARM.Collect$$rtexit$$00000004)
    .text                                    0x00000184   Section       52  startup_mkl05z4.o(.text)
    .text                                    0x000001b8   Section        0  noretval__2sprintf.o(.text)
    .text                                    0x000001e0   Section        0  __printf_ss_wp.o(.text)
    .text                                    0x00000340   Section        0  heapauxi.o(.text)
    .text                                    0x00000348   Section        0  dfixi.o(.text)
    .text                                    0x000003b4   Section        0  _rserrno.o(.text)
    _printf_input_char                       0x000003cd   Thumb Code    10  _printf_char_common.o(.text)
    .text                                    0x000003cc   Section        0  _printf_char_common.o(.text)
    .text                                    0x000003fc   Section        2  use_no_semi.o(.text)
    elec_array                               0x000003fe   Data           2  tsi.o(.rodata.elec_array)
    [Anonymous Symbol]                       0x000003fe   Section        0  tsi.o(.rodata.elec_array)
    .text                                    0x000003fe   Section        0  indicate_semi.o(.text)
    x$fpl$usenofp                            0x000003fe   Section        0  usenofp.o(x$fpl$usenofp)
    .ARM.__at_0x400                          0x00000400   Section       16  startup_mkl05z4.o(.ARM.__at_0x400)
    .text                                    0x00000410   Section      504  aeabi_sdivfast.o(.text)
    _dadd1                                   0x00000609   Thumb Code   290  daddsub.o(.text)
    .text                                    0x00000608   Section        0  daddsub.o(.text)
    _dsub1                                   0x0000072b   Thumb Code   470  daddsub.o(.text)
    .text                                    0x00000960   Section        0  ddiv.o(.text)
    .text                                    0x00000da8   Section        0  dflti.o(.text)
    .text                                    0x00000e00   Section        0  dmul.o(.text)
    _fp_digits                               0x00001049   Thumb Code   412  _printf_fp_dec.o(.text)
    .text                                    0x00001048   Section        0  _printf_fp_dec.o(.text)
    .text                                    0x0000145c   Section        0  _sputc.o(.text)
    .text                                    0x00001468   Section        8  rt_locale_intlibspace.o(.text)
    .text                                    0x00001470   Section        8  rt_errno_addr_intlibspace.o(.text)
    .text                                    0x00001478   Section        0  lludiv10.o(.text)
    .text                                    0x000014f4   Section        0  _printf_fp_infnan.o(.text)
    .text                                    0x0000157c   Section        0  bigflt0.o(.text)
    .text                                    0x00001654   Section        0  btod.o(.text)
    btod_internal_mul                        0x00001695   Thumb Code   492  btod.o(.text)
    btod_internal_div                        0x00001881   Thumb Code   520  btod.o(.text)
    .text                                    0x00001bd4   Section        0  rtudiv10.o(.text)
    .text                                    0x00001bfc   Section        0  dscalbn.o(.text)
    .text                                    0x00001c5c   Section        8  libspace.o(.text)
    .text                                    0x00001c64   Section       62  sys_stackheap_outer.o(.text)
    .text                                    0x00001ca2   Section        0  exit.o(.text)
    .text                                    0x00001cb4   Section      176  strcmpv6m.o(.text)
    .text                                    0x00001d64   Section        0  sys_exit.o(.text)
    [Anonymous Symbol]                       0x00001d70   Section        0  main.o(.text.Change_Signal)
    __arm_cp.7_0                             0x00001d88   Number         4  main.o(.text.Change_Signal)
    [Anonymous Symbol]                       0x00001d8c   Section        0  dac.o(.text.DAC_Init)
    __arm_cp.0_0                             0x00001dac   Number         4  dac.o(.text.DAC_Init)
    [Anonymous Symbol]                       0x00001db0   Section        0  dac.o(.text.DAC_Load_Trig)
    __arm_cp.1_0                             0x00001dd0   Number         4  dac.o(.text.DAC_Load_Trig)
    __arm_cp.1_1                             0x00001dd4   Number         4  dac.o(.text.DAC_Load_Trig)
    [Anonymous Symbol]                       0x00001dd8   Section        0  i2c.o(.text.I2C_Init)
    __arm_cp.0_0                             0x00001e34   Number         4  i2c.o(.text.I2C_Init)
    __arm_cp.0_1                             0x00001e38   Number         4  i2c.o(.text.I2C_Init)
    __arm_cp.0_2                             0x00001e3c   Number         4  i2c.o(.text.I2C_Init)
    [Anonymous Symbol]                       0x00001e40   Section        0  i2c.o(.text.I2C_Write)
    __arm_cp.1_0                             0x00001e7c   Number         4  i2c.o(.text.I2C_Write)
    [Anonymous Symbol]                       0x00001e80   Section        0  lcd1602.o(.text.LCD1602_Backlight)
    [Anonymous Symbol]                       0x00001e90   Section        0  lcd1602.o(.text.LCD1602_Init)
    __arm_cp.0_0                             0x00001ed8   Number         4  lcd1602.o(.text.LCD1602_Init)
    [Anonymous Symbol]                       0x00001edc   Section        0  lcd1602.o(.text.LCD1602_Print)
    [Anonymous Symbol]                       0x00001efc   Section        0  lcd1602.o(.text.LCD1602_SetCursor)
    [Anonymous Symbol]                       0x00001f14   Section        0  lcd1602.o(.text.LCD1602_Write4)
    __arm_cp.7_0                             0x00001f38   Number         4  lcd1602.o(.text.LCD1602_Write4)
    [Anonymous Symbol]                       0x00001f3c   Section        0  lcd1602.o(.text.LCD1602_Write8)
    [Anonymous Symbol]                       0x00001f58   Section        0  lcd1602.o(.text.PCF8574_Write)
    __arm_cp.1_0                             0x00001f70   Number         4  lcd1602.o(.text.PCF8574_Write)
    [Anonymous Symbol]                       0x00001f74   Section        0  main.o(.text.PIT_IRQHandler)
    __arm_cp.0_0                             0x00001fdc   Number         4  main.o(.text.PIT_IRQHandler)
    __arm_cp.0_1                             0x00001fe0   Number         4  main.o(.text.PIT_IRQHandler)
    __arm_cp.0_2                             0x00001fe4   Number         4  main.o(.text.PIT_IRQHandler)
    __arm_cp.0_3                             0x00001fe8   Number         4  main.o(.text.PIT_IRQHandler)
    __arm_cp.0_4                             0x00001fec   Number         4  main.o(.text.PIT_IRQHandler)
    __arm_cp.0_5                             0x00001ff0   Number         4  main.o(.text.PIT_IRQHandler)
    __arm_cp.0_7                             0x00002000   Number         4  main.o(.text.PIT_IRQHandler)
    [Anonymous Symbol]                       0x00002004   Section        0  pit.o(.text.PIT_Init)
    __arm_cp.0_0                             0x00002034   Number         4  pit.o(.text.PIT_Init)
    __arm_cp.0_1                             0x00002038   Number         4  pit.o(.text.PIT_Init)
    __arm_cp.0_3                             0x0000203c   Number         4  pit.o(.text.PIT_Init)
    [Anonymous Symbol]                       0x00002040   Section        0  buttons.o(.text.PORTA_IRQHandler)
    __arm_cp.0_0                             0x00002064   Number         4  buttons.o(.text.PORTA_IRQHandler)
    __arm_cp.0_1                             0x00002068   Number         4  buttons.o(.text.PORTA_IRQHandler)
    [Anonymous Symbol]                       0x0000206c   Section        0  main.o(.text.SawInit)
    [Anonymous Symbol]                       0x00002098   Section        0  main.o(.text.SineInit)
    __arm_cp.3_0                             0x000020dc   Number         4  main.o(.text.SineInit)
    __arm_cp.3_1                             0x000020e0   Number         4  main.o(.text.SineInit)
    __arm_cp.3_2                             0x000020e4   Number         4  main.o(.text.SineInit)
    __arm_cp.3_3                             0x000020e8   Number         4  main.o(.text.SineInit)
    SysTick_Config                           0x000020ed   Thumb Code    32  main.o(.text.SysTick_Config)
    [Anonymous Symbol]                       0x000020ec   Section        0  main.o(.text.SysTick_Config)
    __arm_cp.6_0                             0x00002108   Number         4  main.o(.text.SysTick_Config)
    [Anonymous Symbol]                       0x0000210c   Section        0  main.o(.text.SysTick_Handler)
    __arm_cp.8_0                             0x00002158   Number         4  main.o(.text.SysTick_Handler)
    __arm_cp.8_1                             0x0000215c   Number         4  main.o(.text.SysTick_Handler)
    __arm_cp.8_2                             0x00002160   Number         4  main.o(.text.SysTick_Handler)
    __arm_cp.8_3                             0x00002164   Number         4  main.o(.text.SysTick_Handler)
    __arm_cp.8_4                             0x00002168   Number         4  main.o(.text.SysTick_Handler)
    __arm_cp.8_5                             0x0000216c   Number         4  main.o(.text.SysTick_Handler)
    __arm_cp.8_6                             0x00002170   Number         4  main.o(.text.SysTick_Handler)
    __arm_cp.8_7                             0x00002174   Number         4  main.o(.text.SysTick_Handler)
    [Anonymous Symbol]                       0x00002178   Section        0  main.o(.text.SysTick_Init)
    __arm_cp.2_0                             0x0000218c   Number         4  main.o(.text.SysTick_Init)
    [Anonymous Symbol]                       0x00002190   Section        0  system_mkl05z4.o(.text.SystemInit)
    __arm_cp.0_0                             0x000021cc   Number         4  system_mkl05z4.o(.text.SystemInit)
    __arm_cp.0_1                             0x000021d0   Number         4  system_mkl05z4.o(.text.SystemInit)
    __arm_cp.0_2                             0x000021d4   Number         4  system_mkl05z4.o(.text.SystemInit)
    __arm_cp.0_3                             0x000021d8   Number         4  system_mkl05z4.o(.text.SystemInit)
    [Anonymous Symbol]                       0x000021dc   Section        0  tsi.o(.text.TSI0_IRQHandler)
    [Anonymous Symbol]                       0x000021f4   Section        0  tsi.o(.text.TSI_Init)
    __arm_cp.0_1                             0x0000222c   Number         4  tsi.o(.text.TSI_Init)
    __arm_cp.0_2                             0x00002230   Number         4  tsi.o(.text.TSI_Init)
    __arm_cp.0_3                             0x00002234   Number         4  tsi.o(.text.TSI_Init)
    __arm_cp.0_4                             0x00002238   Number         4  tsi.o(.text.TSI_Init)
    [Anonymous Symbol]                       0x0000223c   Section        0  tsi.o(.text.TSI_ReadSlider)
    __arm_cp.4_0                             0x00002288   Number         4  tsi.o(.text.TSI_ReadSlider)
    [Anonymous Symbol]                       0x0000228c   Section        0  main.o(.text.TriangleInit)
    __arm_cp.5_0                             0x000022e4   Number         4  main.o(.text.TriangleInit)
    __NVIC_ClearPendingIRQ                   0x000022e9   Thumb Code    12  tsi.o(.text.__NVIC_ClearPendingIRQ)
    [Anonymous Symbol]                       0x000022e8   Section        0  tsi.o(.text.__NVIC_ClearPendingIRQ)
    __NVIC_ClearPendingIRQ                   0x000022f5   Thumb Code    12  buttons.o(.text.__NVIC_ClearPendingIRQ)
    [Anonymous Symbol]                       0x000022f4   Section        0  buttons.o(.text.__NVIC_ClearPendingIRQ)
    __NVIC_ClearPendingIRQ                   0x00002301   Thumb Code    16  pit.o(.text.__NVIC_ClearPendingIRQ)
    [Anonymous Symbol]                       0x00002300   Section        0  pit.o(.text.__NVIC_ClearPendingIRQ)
    __arm_cp.1_0                             0x0000230c   Number         4  pit.o(.text.__NVIC_ClearPendingIRQ)
    __NVIC_EnableIRQ                         0x00002311   Thumb Code    12  tsi.o(.text.__NVIC_EnableIRQ)
    [Anonymous Symbol]                       0x00002310   Section        0  tsi.o(.text.__NVIC_EnableIRQ)
    __NVIC_EnableIRQ                         0x0000231d   Thumb Code    12  buttons.o(.text.__NVIC_EnableIRQ)
    [Anonymous Symbol]                       0x0000231c   Section        0  buttons.o(.text.__NVIC_EnableIRQ)
    __NVIC_EnableIRQ                         0x00002329   Thumb Code    16  pit.o(.text.__NVIC_EnableIRQ)
    [Anonymous Symbol]                       0x00002328   Section        0  pit.o(.text.__NVIC_EnableIRQ)
    __arm_cp.2_0                             0x00002334   Number         4  pit.o(.text.__NVIC_EnableIRQ)
    __NVIC_SetPriority                       0x00002339   Thumb Code    24  main.o(.text.__NVIC_SetPriority)
    [Anonymous Symbol]                       0x00002338   Section        0  main.o(.text.__NVIC_SetPriority)
    __arm_cp.9_0                             0x0000234c   Number         4  main.o(.text.__NVIC_SetPriority)
    __NVIC_SetPriority                       0x00002351   Thumb Code    24  buttons.o(.text.__NVIC_SetPriority)
    [Anonymous Symbol]                       0x00002350   Section        0  buttons.o(.text.__NVIC_SetPriority)
    __arm_cp.4_0                             0x00002364   Number         4  buttons.o(.text.__NVIC_SetPriority)
    [Anonymous Symbol]                       0x00002368   Section        0  buttons.o(.text.buttonsInitialize)
    __arm_cp.1_0                             0x00002434   Number         4  buttons.o(.text.buttonsInitialize)
    __arm_cp.1_1                             0x00002438   Number         4  buttons.o(.text.buttonsInitialize)
    __arm_cp.1_2                             0x0000243c   Number         4  buttons.o(.text.buttonsInitialize)
    [Anonymous Symbol]                       0x00002440   Section        0  tsi.o(.text.change_electrode)
    __arm_cp.5_0                             0x00002480   Number         4  tsi.o(.text.change_electrode)
    __arm_cp.5_2                             0x00002484   Number         4  tsi.o(.text.change_electrode)
    __arm_cp.5_3                             0x00002488   Number         4  tsi.o(.text.change_electrode)
    [Anonymous Symbol]                       0x0000248c   Section        0  i2c.o(.text.i2c_disable)
    [Anonymous Symbol]                       0x00002498   Section        0  i2c.o(.text.i2c_enable)
    [Anonymous Symbol]                       0x000024a4   Section        0  i2c.o(.text.i2c_m_start)
    [Anonymous Symbol]                       0x000024b0   Section        0  i2c.o(.text.i2c_m_stop)
    [Anonymous Symbol]                       0x000024bc   Section        0  i2c.o(.text.i2c_send)
    __arm_cp.5_0                             0x000024c4   Number         4  i2c.o(.text.i2c_send)
    [Anonymous Symbol]                       0x000024c8   Section        0  i2c.o(.text.i2c_tran)
    __arm_cp.3_0                             0x000024d4   Number         4  i2c.o(.text.i2c_tran)
    [Anonymous Symbol]                       0x000024d8   Section        0  i2c.o(.text.i2c_wait)
    __arm_cp.6_0                             0x00002510   Number         4  i2c.o(.text.i2c_wait)
    __arm_cp.6_1                             0x00002514   Number         4  i2c.o(.text.i2c_wait)
    __arm_cp.6_2                             0x00002518   Number         4  i2c.o(.text.i2c_wait)
    [Anonymous Symbol]                       0x0000251c   Section        0  main.o(.text.main)
    __arm_cp.1_0                             0x000025a4   Number         4  main.o(.text.main)
    __arm_cp.1_1                             0x000025a8   Number         4  main.o(.text.main)
    __arm_cp.1_2                             0x000025ac   Number         4  main.o(.text.main)
    __arm_cp.1_3                             0x000025b0   Number         4  main.o(.text.main)
    __arm_cp.1_4                             0x000025b4   Number         4  main.o(.text.main)
    __arm_cp.1_5                             0x000025b8   Number         4  main.o(.text.main)
    __arm_cp.1_6                             0x000025bc   Number         4  main.o(.text.main)
    __arm_cp.1_7                             0x000025c0   Number         4  main.o(.text.main)
    [Anonymous Symbol]                       0x000025c4   Section        0  tsi.o(.text.self_calibration)
    __arm_cp.3_0                             0x00002664   Number         4  tsi.o(.text.self_calibration)
    __arm_cp.3_1                             0x00002668   Number         4  tsi.o(.text.self_calibration)
    __arm_cp.3_2                             0x0000266c   Number         4  tsi.o(.text.self_calibration)
    .text_divfast                            0x00002670   Section      502  aeabi_sdivfast.o(.text_divfast)
    i.__ARM_common_ll_muluu                  0x00002866   Section        0  btod.o(i.__ARM_common_ll_muluu)
    i.__ARM_fpclassify                       0x00002898   Section        0  fpclassify.o(i.__ARM_fpclassify)
    i.__ieee754_rem_pio2                     0x000028c4   Section        0  rred.o(i.__ieee754_rem_pio2)
    i.__kernel_cos                           0x00002c60   Section        0  cos_i.o(i.__kernel_cos)
    i.__kernel_poly                          0x00002d54   Section        0  poly.o(i.__kernel_poly)
    i.__kernel_sin                           0x00002e00   Section        0  sin_i.o(i.__kernel_sin)
    i.__mathlib_dbl_infnan                   0x00002eec   Section        0  dunder.o(i.__mathlib_dbl_infnan)
    i.__mathlib_dbl_invalid                  0x00002ef6   Section        0  dunder.o(i.__mathlib_dbl_invalid)
    i.__mathlib_dbl_underflow                0x00002f08   Section        0  dunder.o(i.__mathlib_dbl_underflow)
    i._is_digit                              0x00002f1c   Section        0  __printf_wp.o(i._is_digit)
    i.sin                                    0x00002f2c   Section        0  sin.o(i.sin)
    locale$$code                             0x00002fc8   Section       44  lc_numeric_c.o(locale$$code)
    x$fpl$printf1                            0x00002ff4   Section       16  printf1.o(x$fpl$printf1)
    ddiv_reciptbl                            0x00003004   Data         128  ddiv.o(.constdata)
    .constdata                               0x00003004   Section      128  ddiv.o(.constdata)
    C                                        0x00003088   Data          48  cos_i.o(.constdata)
    .constdata                               0x00003088   Section       48  cos_i.o(.constdata)
    pio2s                                    0x000030b8   Data          48  rred.o(.constdata)
    .constdata                               0x000030b8   Section      204  rred.o(.constdata)
    twooverpi                                0x000030e8   Data         156  rred.o(.constdata)
    S                                        0x00003188   Data          40  sin_i.o(.constdata)
    .constdata                               0x00003188   Section       40  sin_i.o(.constdata)
    tenpwrs_x                                0x000031b0   Data          60  bigflt0.o(.constdata)
    .constdata                               0x000031b0   Section      148  bigflt0.o(.constdata)
    tenpwrs_i                                0x000031ec   Data          64  bigflt0.o(.constdata)
    locale$$data                             0x00003264   Section       28  lc_numeric_c.o(locale$$data)
    __lcnum_c_name                           0x00003268   Data           2  lc_numeric_c.o(locale$$data)
    __lcnum_c_start                          0x00003270   Data           0  lc_numeric_c.o(locale$$data)
    __lcnum_c_point                          0x0000327c   Data           0  lc_numeric_c.o(locale$$data)
    __lcnum_c_thousands                      0x0000327e   Data           0  lc_numeric_c.o(locale$$data)
    __lcnum_c_grouping                       0x0000327f   Data           0  lc_numeric_c.o(locale$$data)
    __lcnum_c_end                            0x00003280   Data           0  lc_numeric_c.o(locale$$data)
    lcd_backlight                            0x1ffffc15   Data           1  lcd1602.o(.data.lcd_backlight)
    [Anonymous Symbol]                       0x1ffffc15   Section        0  lcd1602.o(.data.lcd_backlight)
    w2                                       0x1ffffc16   Data           1  main.o(.data.w2)
    [Anonymous Symbol]                       0x1ffffc16   Section        0  main.o(.data.w2)
    .bss                                     0x1ffffc18   Section       96  libspace.o(.bss)
    end_flag                                 0x200005ec   Data           1  tsi.o(.bss.end_flag)
    [Anonymous Symbol]                       0x200005ec   Section        0  tsi.o(.bss.end_flag)
    error                                    0x200005ed   Data           1  i2c.o(.bss.error)
    [Anonymous Symbol]                       0x200005ed   Section        0  i2c.o(.bss.error)
    generator_mode                           0x200005f8   Data           1  main.o(.bss.generator_mode)
    [Anonymous Symbol]                       0x200005f8   Section        0  main.o(.bss.generator_mode)
    gu16Baseline                             0x200005fa   Data           4  tsi.o(.bss.gu16Baseline)
    [Anonymous Symbol]                       0x200005fa   Section        0  tsi.o(.bss.gu16Baseline)
    gu16Delta                                0x200005fe   Data           4  tsi.o(.bss.gu16Delta)
    [Anonymous Symbol]                       0x200005fe   Section        0  tsi.o(.bss.gu16Delta)
    ongoing_elec                             0x20000602   Data           1  tsi.o(.bss.ongoing_elec)
    [Anonymous Symbol]                       0x20000602   Section        0  tsi.o(.bss.ongoing_elec)
    Heap_Mem                                 0x20000608   Data           0  startup_mkl05z4.o(HEAP)
    Stack_Mem                                0x20000608   Data         768  startup_mkl05z4.o(STACK)
    HEAP                                     0x20000608   Section        0  startup_mkl05z4.o(HEAP)
    STACK                                    0x20000608   Section      768  startup_mkl05z4.o(STACK)
    __initial_sp                             0x20000908   Data           0  startup_mkl05z4.o(STACK)

    Global Symbols

    Symbol Name                              Value     Ov Type        Size  Object(Section)

    BuildAttributes$$THM_ISAv3M$S$PE$A:L22$X:L11$S22$IEEE1$IW$~IW$USESV6$~STKCKD$USESV7$~SHL$OTIME$ROPI$IEEEX$EBA8$UX$STANDARDLIB$REQ8$PRES8$EABIv2 0x00000000   Number         0  anon$$obj.o ABSOLUTE
    __Vectors                                0x00000000   Data           4  startup_mkl05z4.o(RESET)
    _printf_flags                            0x00000000   Number         0  printf_stubs.o ABSOLUTE
    _printf_return_value                     0x00000000   Number         0  printf_stubs.o ABSOLUTE
    _printf_sizespec                         0x00000000   Number         0  printf_stubs.o ABSOLUTE
    _printf_widthprec                        0x00000000   Number         0  printf_stubs.o ABSOLUTE
    __ARM_exceptions_init                     - Undefined Weak Reference
    __alloca_initialize                       - Undefined Weak Reference
    __arm_preinit_                            - Undefined Weak Reference
    __cpp_initialize__aeabi_                  - Undefined Weak Reference
    __cxa_finalize                            - Undefined Weak Reference
    __sigvec_lookup                           - Undefined Weak Reference
    _atexit_init                              - Undefined Weak Reference
    _call_atexit_fns                          - Undefined Weak Reference
    _clock_init                               - Undefined Weak Reference
    _fp_trap_init                             - Undefined Weak Reference
    _fp_trap_shutdown                         - Undefined Weak Reference
    _get_lc_collate                           - Undefined Weak Reference
    _get_lc_ctype                             - Undefined Weak Reference
    _get_lc_monetary                          - Undefined Weak Reference
    _get_lc_time                              - Undefined Weak Reference
    _getenv_init                              - Undefined Weak Reference
    _handle_redirection                       - Undefined Weak Reference
    _init_alloc                               - Undefined Weak Reference
    _init_user_alloc                          - Undefined Weak Reference
    _initio                                   - Undefined Weak Reference
    _printf_post_padding                      - Undefined Weak Reference
    _printf_pre_padding                       - Undefined Weak Reference
    _rand_init                                - Undefined Weak Reference
    _signal_finish                            - Undefined Weak Reference
    _signal_init                              - Undefined Weak Reference
    _terminate_alloc                          - Undefined Weak Reference
    _terminate_user_alloc                     - Undefined Weak Reference
    _terminateio                              - Undefined Weak Reference
    __Vectors_End                            0x000000c0   Data           0  startup_mkl05z4.o(RESET)
    __Vectors_Size                           0x000000c0   Number         0  startup_mkl05z4.o ABSOLUTE
    __main                                   0x000000c1   Thumb Code     8  __main.o(!!!main)
    __scatterload                            0x000000c9   Thumb Code     0  __scatter.o(!!!scatter)
    __scatterload_rt2                        0x000000c9   Thumb Code    52  __scatter.o(!!!scatter)
    __scatterload_rt2_thumb_only             0x000000c9   Thumb Code     0  __scatter.o(!!!scatter)
    __scatterload_null                       0x000000d9   Thumb Code     0  __scatter.o(!!!scatter)
    __scatterload_copy                       0x00000105   Thumb Code    26  __scatter_copy.o(!!handler_copy)
    __scatterload_zeroinit                   0x00000121   Thumb Code    28  __scatter_zi.o(!!handler_zi)
    _printf_percent                          0x0000013d   Thumb Code     0  _printf_percent.o(.ARM.Collect$$_printf_percent$$00000000)
    _printf_f                                0x0000013f   Thumb Code     0  _printf_f.o(.ARM.Collect$$_printf_percent$$00000003)
    _printf_percent_end                      0x00000149   Thumb Code     0  _printf_percent_end.o(.ARM.Collect$$_printf_percent$$00000017)
    __rt_lib_init                            0x0000014d   Thumb Code     0  libinit.o(.ARM.Collect$$libinit$$00000000)
    __rt_lib_init_fp_1                       0x0000014f   Thumb Code     0  libinit2.o(.ARM.Collect$$libinit$$00000002)
    __rt_lib_init_heap_1                     0x0000014f   Thumb Code     0  libinit2.o(.ARM.Collect$$libinit$$0000000A)
    __rt_lib_init_lc_common                  0x0000014f   Thumb Code     0  libinit2.o(.ARM.Collect$$libinit$$0000000F)
    __rt_lib_init_preinit_1                  0x0000014f   Thumb Code     0  libinit2.o(.ARM.Collect$$libinit$$00000004)
    __rt_lib_init_rand_1                     0x0000014f   Thumb Code     0  libinit2.o(.ARM.Collect$$libinit$$0000000E)
    __rt_lib_init_user_alloc_1               0x0000014f   Thumb Code     0  libinit2.o(.ARM.Collect$$libinit$$0000000C)
    __rt_lib_init_lc_collate_1               0x00000155   Thumb Code     0  libinit2.o(.ARM.Collect$$libinit$$00000011)
    __rt_lib_init_lc_ctype_1                 0x00000155   Thumb Code     0  libinit2.o(.ARM.Collect$$libinit$$00000013)
    __rt_lib_init_lc_monetary_1              0x00000155   Thumb Code     0  libinit2.o(.ARM.Collect$$libinit$$00000015)
    __rt_lib_init_lc_numeric_2               0x00000155   Thumb Code     0  libinit2.o(.ARM.Collect$$libinit$$00000016)
    __rt_lib_init_alloca_1                   0x0000015f   Thumb Code     0  libinit2.o(.ARM.Collect$$libinit$$0000002E)
    __rt_lib_init_argv_1                     0x0000015f   Thumb Code     0  libinit2.o(.ARM.Collect$$libinit$$0000002C)
    __rt_lib_init_atexit_1                   0x0000015f   Thumb Code     0  libinit2.o(.ARM.Collect$$libinit$$0000001B)
    __rt_lib_init_clock_1                    0x0000015f   Thumb Code     0  libinit2.o(.ARM.Collect$$libinit$$00000021)
    __rt_lib_init_cpp_1                      0x0000015f   Thumb Code     0  libinit2.o(.ARM.Collect$$libinit$$00000032)
    __rt_lib_init_exceptions_1               0x0000015f   Thumb Code     0  libinit2.o(.ARM.Collect$$libinit$$00000030)
    __rt_lib_init_fp_trap_1                  0x0000015f   Thumb Code     0  libinit2.o(.ARM.Collect$$libinit$$0000001F)
    __rt_lib_init_getenv_1                   0x0000015f   Thumb Code     0  libinit2.o(.ARM.Collect$$libinit$$00000023)
    __rt_lib_init_lc_numeric_1               0x0000015f   Thumb Code     0  libinit2.o(.ARM.Collect$$libinit$$00000017)
    __rt_lib_init_lc_time_1                  0x0000015f   Thumb Code     0  libinit2.o(.ARM.Collect$$libinit$$00000019)
    __rt_lib_init_return                     0x0000015f   Thumb Code     0  libinit2.o(.ARM.Collect$$libinit$$00000033)
    __rt_lib_init_signal_1                   0x0000015f   Thumb Code     0  libinit2.o(.ARM.Collect$$libinit$$0000001D)
    __rt_lib_init_stdio_1                    0x0000015f   Thumb Code     0  libinit2.o(.ARM.Collect$$libinit$$00000025)
    __rt_lib_shutdown                        0x00000161   Thumb Code     0  libshutdown.o(.ARM.Collect$$libshutdown$$00000000)
    __rt_lib_shutdown_cpp_1                  0x00000163   Thumb Code     0  libshutdown2.o(.ARM.Collect$$libshutdown$$00000002)
    __rt_lib_shutdown_fp_trap_1              0x00000163   Thumb Code     0  libshutdown2.o(.ARM.Collect$$libshutdown$$00000007)
    __rt_lib_shutdown_heap_1                 0x00000163   Thumb Code     0  libshutdown2.o(.ARM.Collect$$libshutdown$$0000000F)
    __rt_lib_shutdown_return                 0x00000163   Thumb Code     0  libshutdown2.o(.ARM.Collect$$libshutdown$$00000010)
    __rt_lib_shutdown_signal_1               0x00000163   Thumb Code     0  libshutdown2.o(.ARM.Collect$$libshutdown$$0000000A)
    __rt_lib_shutdown_stdio_1                0x00000163   Thumb Code     0  libshutdown2.o(.ARM.Collect$$libshutdown$$00000004)
    __rt_lib_shutdown_user_alloc_1           0x00000163   Thumb Code     0  libshutdown2.o(.ARM.Collect$$libshutdown$$0000000C)
    __rt_entry                               0x00000165   Thumb Code     0  __rtentry.o(.ARM.Collect$$rtentry$$00000000)
    __rt_entry_presh_1                       0x00000165   Thumb Code     0  __rtentry2.o(.ARM.Collect$$rtentry$$00000002)
    __rt_entry_sh                            0x00000165   Thumb Code     0  __rtentry4.o(.ARM.Collect$$rtentry$$00000004)
    __rt_entry_li                            0x0000016b   Thumb Code     0  __rtentry2.o(.ARM.Collect$$rtentry$$0000000A)
    __rt_entry_postsh_1                      0x0000016b   Thumb Code     0  __rtentry2.o(.ARM.Collect$$rtentry$$00000009)
    __rt_entry_main                          0x0000016f   Thumb Code     0  __rtentry2.o(.ARM.Collect$$rtentry$$0000000D)
    __rt_entry_postli_1                      0x0000016f   Thumb Code     0  __rtentry2.o(.ARM.Collect$$rtentry$$0000000C)
    __rt_exit                                0x00000177   Thumb Code     0  rtexit.o(.ARM.Collect$$rtexit$$00000000)
    __rt_exit_ls                             0x00000179   Thumb Code     0  rtexit2.o(.ARM.Collect$$rtexit$$00000003)
    __rt_exit_prels_1                        0x00000179   Thumb Code     0  rtexit2.o(.ARM.Collect$$rtexit$$00000002)
    __rt_exit_exit                           0x0000017d   Thumb Code     0  rtexit2.o(.ARM.Collect$$rtexit$$00000004)
    Reset_Handler                            0x00000185   Thumb Code     8  startup_mkl05z4.o(.text)
    NMI_Handler                              0x0000018d   Thumb Code     2  startup_mkl05z4.o(.text)
    HardFault_Handler                        0x0000018f   Thumb Code     2  startup_mkl05z4.o(.text)
    SVC_Handler                              0x00000191   Thumb Code     2  startup_mkl05z4.o(.text)
    PendSV_Handler                           0x00000193   Thumb Code     2  startup_mkl05z4.o(.text)
    ADC0_IRQHandler                          0x00000197   Thumb Code     0  startup_mkl05z4.o(.text)
    CMP0_IRQHandler                          0x00000197   Thumb Code     0  startup_mkl05z4.o(.text)
    DAC0_IRQHandler                          0x00000197   Thumb Code     0  startup_mkl05z4.o(.text)
    DMA0_IRQHandler                          0x00000197   Thumb Code     0  startup_mkl05z4.o(.text)
    DMA1_IRQHandler                          0x00000197   Thumb Code     0  startup_mkl05z4.o(.text)
    DMA2_IRQHandler                          0x00000197   Thumb Code     0  startup_mkl05z4.o(.text)
    DMA3_IRQHandler                          0x00000197   Thumb Code     0  startup_mkl05z4.o(.text)
    DefaultISR                               0x00000197   Thumb Code     0  startup_mkl05z4.o(.text)
    FTFA_IRQHandler                          0x00000197   Thumb Code     0  startup_mkl05z4.o(.text)
    I2C0_IRQHandler                          0x00000197   Thumb Code     0  startup_mkl05z4.o(.text)
    LLW_IRQHandler                           0x00000197   Thumb Code     0  startup_mkl05z4.o(.text)
    LPTimer_IRQHandler                       0x00000197   Thumb Code     0  startup_mkl05z4.o(.text)
    LVD_LVW_IRQHandler                       0x00000197   Thumb Code     0  startup_mkl05z4.o(.text)
    MCG_IRQHandler                           0x00000197   Thumb Code     0  startup_mkl05z4.o(.text)
    PORTB_IRQHandler                         0x00000197   Thumb Code     0  startup_mkl05z4.o(.text)
    RTC_IRQHandler                           0x00000197   Thumb Code     0  startup_mkl05z4.o(.text)
    RTC_Seconds_IRQHandler                   0x00000197   Thumb Code     0  startup_mkl05z4.o(.text)
    Reserved20_IRQHandler                    0x00000197   Thumb Code     0  startup_mkl05z4.o(.text)
    Reserved25_IRQHandler                    0x00000197   Thumb Code     0  startup_mkl05z4.o(.text)
    Reserved27_IRQHandler                    0x00000197   Thumb Code     0  startup_mkl05z4.o(.text)
    Reserved29_IRQHandler                    0x00000197   Thumb Code     0  startup_mkl05z4.o(.text)
    Reserved30_IRQHandler                    0x00000197   Thumb Code     0  startup_mkl05z4.o(.text)
    Reserved35_IRQHandler                    0x00000197   Thumb Code     0  startup_mkl05z4.o(.text)
    Reserved39_IRQHandler                    0x00000197   Thumb Code     0  startup_mkl05z4.o(.text)
    Reserved40_IRQHandler                    0x00000197   Thumb Code     0  startup_mkl05z4.o(.text)
    Reserved45_IRQHandler                    0x00000197   Thumb Code     0  startup_mkl05z4.o(.text)
    SPI0_IRQHandler                          0x00000197   Thumb Code     0  startup_mkl05z4.o(.text)
    TPM0_IRQHandler                          0x00000197   Thumb Code     0  startup_mkl05z4.o(.text)
    TPM1_IRQHandler                          0x00000197   Thumb Code     0  startup_mkl05z4.o(.text)
    UART0_IRQHandler                         0x00000197   Thumb Code     0  startup_mkl05z4.o(.text)
    __user_initial_stackheap                 0x00000199   Thumb Code     0  startup_mkl05z4.o(.text)
    __2sprintf                               0x000001b9   Thumb Code    36  noretval__2sprintf.o(.text)
    __printf                                 0x000001e1   Thumb Code   352  __printf_ss_wp.o(.text)
    __use_two_region_memory                  0x00000341   Thumb Code     2  heapauxi.o(.text)
    __rt_heap_escrow$2region                 0x00000343   Thumb Code     2  heapauxi.o(.text)
    __rt_heap_expand$2region                 0x00000345   Thumb Code     2  heapauxi.o(.text)
    __aeabi_d2iz                             0x00000349   Thumb Code     0  dfixi.o(.text)
    _dfix                                    0x00000349   Thumb Code    98  dfixi.o(.text)
    __read_errno                             0x000003b5   Thumb Code    10  _rserrno.o(.text)
    __set_errno                              0x000003bf   Thumb Code    12  _rserrno.o(.text)
    _printf_char_common                      0x000003d7   Thumb Code    32  _printf_char_common.o(.text)
    __I$use$semihosting                      0x000003fd   Thumb Code     0  use_no_semi.o(.text)
    __use_no_semihosting_swi                 0x000003fd   Thumb Code     2  use_no_semi.o(.text)
    __I$use$fp                               0x000003fe   Number         0  usenofp.o(x$fpl$usenofp)
    __semihosting_library_function           0x000003ff   Thumb Code     0  indicate_semi.o(.text)
    __aeabi_uidivmod                         0x00000411   Thumb Code    28  aeabi_sdivfast.o(.text)
    __aeabi_idivmod                          0x0000042d   Thumb Code   472  aeabi_sdivfast.o(.text)
    __aeabi_dadd                             0x00000901   Thumb Code     0  daddsub.o(.text)
    _dadd                                    0x00000901   Thumb Code    26  daddsub.o(.text)
    __aeabi_dsub                             0x0000091b   Thumb Code     0  daddsub.o(.text)
    _dsub                                    0x0000091b   Thumb Code    22  daddsub.o(.text)
    __aeabi_drsub                            0x00000931   Thumb Code     0  daddsub.o(.text)
    _drsb                                    0x00000931   Thumb Code    28  daddsub.o(.text)
    __aeabi_ddiv                             0x00000961   Thumb Code     0  ddiv.o(.text)
    _ddiv                                    0x00000961   Thumb Code  1072  ddiv.o(.text)
    _drdiv                                   0x00000d91   Thumb Code    20  ddiv.o(.text)
    __aeabi_i2d_normalise                    0x00000da9   Thumb Code    66  dflti.o(.text)
    __aeabi_i2d                              0x00000deb   Thumb Code    16  dflti.o(.text)
    _dflt                                    0x00000deb   Thumb Code     0  dflti.o(.text)
    __aeabi_ui2d                             0x00000dfb   Thumb Code     6  dflti.o(.text)
    _dfltu                                   0x00000dfb   Thumb Code     0  dflti.o(.text)
    __aeabi_dmul                             0x00000e01   Thumb Code     0  dmul.o(.text)
    _dmul                                    0x00000e01   Thumb Code   558  dmul.o(.text)
    _printf_fp_dec_real                      0x000011e5   Thumb Code   620  _printf_fp_dec.o(.text)
    _sputc                                   0x0000145d   Thumb Code    10  _sputc.o(.text)
    __rt_locale                              0x00001469   Thumb Code     8  rt_locale_intlibspace.o(.text)
    __aeabi_errno_addr                       0x00001471   Thumb Code     8  rt_errno_addr_intlibspace.o(.text)
    __errno$intlibspace                      0x00001471   Thumb Code     0  rt_errno_addr_intlibspace.o(.text)
    __rt_errno_addr$intlibspace              0x00001471   Thumb Code     0  rt_errno_addr_intlibspace.o(.text)
    _ll_udiv10                               0x00001479   Thumb Code   122  lludiv10.o(.text)
    _printf_fp_infnan                        0x000014f5   Thumb Code   120  _printf_fp_infnan.o(.text)
    _btod_etento                             0x0000157d   Thumb Code   210  bigflt0.o(.text)
    _btod_d2e                                0x00001655   Thumb Code    64  btod.o(.text)
    _btod_emul                               0x00001a89   Thumb Code    28  btod.o(.text)
    _btod_emuld                              0x00001aa5   Thumb Code   144  btod.o(.text)
    _btod_ediv                               0x00001b35   Thumb Code    26  btod.o(.text)
    _btod_edivd                              0x00001b4f   Thumb Code   124  btod.o(.text)
    __rt_udiv10                              0x00001bd5   Thumb Code    40  rtudiv10.o(.text)
    __ARM_scalbn                             0x00001bfd   Thumb Code    84  dscalbn.o(.text)
    __user_libspace                          0x00001c5d   Thumb Code     8  libspace.o(.text)
    __user_perproc_libspace                  0x00001c5d   Thumb Code     0  libspace.o(.text)
    __user_perthread_libspace                0x00001c5d   Thumb Code     0  libspace.o(.text)
    __user_setup_stackheap                   0x00001c65   Thumb Code    62  sys_stackheap_outer.o(.text)
    exit                                     0x00001ca3   Thumb Code    16  exit.o(.text)
    strcmp                                   0x00001cb5   Thumb Code   176  strcmpv6m.o(.text)
    _sys_exit                                0x00001d65   Thumb Code     8  sys_exit.o(.text)
    Change_Signal                            0x00001d71   Thumb Code    28  main.o(.text.Change_Signal)
    DAC_Init                                 0x00001d8d   Thumb Code    36  dac.o(.text.DAC_Init)
    DAC_Load_Trig                            0x00001db1   Thumb Code    40  dac.o(.text.DAC_Load_Trig)
    I2C_Init                                 0x00001dd9   Thumb Code   104  i2c.o(.text.I2C_Init)
    I2C_Write                                0x00001e41   Thumb Code    64  i2c.o(.text.I2C_Write)
    LCD1602_Backlight                        0x00001e81   Thumb Code    16  lcd1602.o(.text.LCD1602_Backlight)
    LCD1602_Init                             0x00001e91   Thumb Code    76  lcd1602.o(.text.LCD1602_Init)
    LCD1602_Print                            0x00001edd   Thumb Code    32  lcd1602.o(.text.LCD1602_Print)
    LCD1602_SetCursor                        0x00001efd   Thumb Code    24  lcd1602.o(.text.LCD1602_SetCursor)
    LCD1602_Write4                           0x00001f15   Thumb Code    40  lcd1602.o(.text.LCD1602_Write4)
    LCD1602_Write8                           0x00001f3d   Thumb Code    26  lcd1602.o(.text.LCD1602_Write8)
    PCF8574_Write                            0x00001f59   Thumb Code    28  lcd1602.o(.text.PCF8574_Write)
    PIT_IRQHandler                           0x00001f75   Thumb Code   144  main.o(.text.PIT_IRQHandler)
    PIT_Init                                 0x00002005   Thumb Code    60  pit.o(.text.PIT_Init)
    PORTA_IRQHandler                         0x00002041   Thumb Code    44  buttons.o(.text.PORTA_IRQHandler)
    SawInit                                  0x0000206d   Thumb Code    44  main.o(.text.SawInit)
    SineInit                                 0x00002099   Thumb Code    84  main.o(.text.SineInit)
    SysTick_Handler                          0x0000210d   Thumb Code   108  main.o(.text.SysTick_Handler)
    SysTick_Init                             0x00002179   Thumb Code    24  main.o(.text.SysTick_Init)
    SystemInit                               0x00002191   Thumb Code    76  system_mkl05z4.o(.text.SystemInit)
    TSI0_IRQHandler                          0x000021dd   Thumb Code    24  tsi.o(.text.TSI0_IRQHandler)
    TSI_Init                                 0x000021f5   Thumb Code    72  tsi.o(.text.TSI_Init)
    TSI_ReadSlider                           0x0000223d   Thumb Code    80  tsi.o(.text.TSI_ReadSlider)
    TriangleInit                             0x0000228d   Thumb Code    92  main.o(.text.TriangleInit)
    buttonsInitialize                        0x00002369   Thumb Code   216  buttons.o(.text.buttonsInitialize)
    change_electrode                         0x00002441   Thumb Code    76  tsi.o(.text.change_electrode)
    i2c_disable                              0x0000248d   Thumb Code    12  i2c.o(.text.i2c_disable)
    i2c_enable                               0x00002499   Thumb Code    12  i2c.o(.text.i2c_enable)
    i2c_m_start                              0x000024a5   Thumb Code    12  i2c.o(.text.i2c_m_start)
    i2c_m_stop                               0x000024b1   Thumb Code    12  i2c.o(.text.i2c_m_stop)
    i2c_send                                 0x000024bd   Thumb Code    12  i2c.o(.text.i2c_send)
    i2c_tran                                 0x000024c9   Thumb Code    16  i2c.o(.text.i2c_tran)
    i2c_wait                                 0x000024d9   Thumb Code    68  i2c.o(.text.i2c_wait)
    main                                     0x0000251d   Thumb Code   168  main.o(.text.main)
    self_calibration                         0x000025c5   Thumb Code   172  tsi.o(.text.self_calibration)
    __aeabi_uidiv                            0x00002671   Thumb Code    68  aeabi_sdivfast.o(.text_divfast)
    __aeabi_idiv                             0x000026b5   Thumb Code   434  aeabi_sdivfast.o(.text_divfast)
    __ARM_common_ll_muluu                    0x00002867   Thumb Code    48  btod.o(i.__ARM_common_ll_muluu)
    __ARM_fpclassify                         0x00002899   Thumb Code    40  fpclassify.o(i.__ARM_fpclassify)
    __ieee754_rem_pio2                       0x000028c5   Thumb Code   838  rred.o(i.__ieee754_rem_pio2)
    __kernel_cos                             0x00002c61   Thumb Code   224  cos_i.o(i.__kernel_cos)
    __kernel_poly                            0x00002d55   Thumb Code   172  poly.o(i.__kernel_poly)
    __kernel_sin                             0x00002e01   Thumb Code   222  sin_i.o(i.__kernel_sin)
    __mathlib_dbl_infnan                     0x00002eed   Thumb Code    10  dunder.o(i.__mathlib_dbl_infnan)
    __mathlib_dbl_invalid                    0x00002ef7   Thumb Code    16  dunder.o(i.__mathlib_dbl_invalid)
    __mathlib_dbl_underflow                  0x00002f09   Thumb Code    14  dunder.o(i.__mathlib_dbl_underflow)
    _is_digit                                0x00002f1d   Thumb Code    14  __printf_wp.o(i._is_digit)
    sin                                      0x00002f2d   Thumb Code   146  sin.o(i.sin)
    _get_lc_numeric                          0x00002fc9   Thumb Code    44  lc_numeric_c.o(locale$$code)
    _printf_fp_dec                           0x00002ff5   Thumb Code    16  printf1.o(x$fpl$printf1)
    Region$$Table$$Base                      0x00003244   Number         0  anon$$obj.o(Region$$Table)
    Region$$Table$$Limit                     0x00003264   Number         0  anon$$obj.o(Region$$Table)
    SystemCoreClock                          0x1ffffc00   Data           4  system_mkl05z4.o(.data.SystemCoreClock)
    display                                  0x1ffffc04   Data          17  main.o(.data.display)
    wynik_ok                                 0x1ffffc17   Data           1  main.o(.data.wynik_ok)
    __libspace_start                         0x1ffffc18   Data          96  libspace.o(.bss)
    PIT_enable                               0x1ffffc78   Data           1  main.o(.bss.PIT_enable)
    __temporary_stack_top$libspace           0x1ffffc78   Data           0  libspace.o(.bss)
    Saw                                      0x1ffffc80   Data         800  main.o(.bss.Saw)
    Sinus                                    0x1fffffa0   Data         800  main.o(.bss.Sinus)
    Triangle                                 0x200002c0   Data         800  main.o(.bss.Triangle)
    beep                                     0x200005e0   Data           8  main.o(.bss.beep)
    counter                                  0x200005e8   Data           4  main.o(.bss.counter)
    freq                                     0x200005f0   Data           8  main.o(.bss.freq)



==============================================================================

Memory Map of the image

  Image Entry point : 0x00000185

  Load Region LR_1 (Base: 0x00000000, Size: 0x00003298, Max: 0xffffffff, ABSOLUTE)

    Execution Region ER_RO (Exec base: 0x00000000, Load base: 0x00000000, Size: 0x00003280, Max: 0xffffffff, ABSOLUTE)

    Exec Addr    Load Addr    Size         Type   Attr      Idx    E Section Name        Object

    0x00000000   0x00000000   0x000000c0   Data   RO          167    RESET               startup_mkl05z4.o
    0x000000c0   0x000000c0   0x00000008   Code   RO          230  * !!!main             c_p.l(__main.o)
    0x000000c8   0x000000c8   0x0000003c   Code   RO          512    !!!scatter          c_p.l(__scatter.o)
    0x00000104   0x00000104   0x0000001a   Code   RO          514    !!handler_copy      c_p.l(__scatter_copy.o)
    0x0000011e   0x0000011e   0x00000002   PAD
    0x00000120   0x00000120   0x0000001c   Code   RO          516    !!handler_zi        c_p.l(__scatter_zi.o)
    0x0000013c   0x0000013c   0x00000002   Code   RO          219    .ARM.Collect$$_printf_percent$$00000000  c_p.l(_printf_percent.o)
    0x0000013e   0x0000013e   0x0000000a   Code   RO          218    .ARM.Collect$$_printf_percent$$00000003  c_p.l(_printf_f.o)
    0x00000148   0x00000148   0x00000004   Code   RO          268    .ARM.Collect$$_printf_percent$$00000017  c_p.l(_printf_percent_end.o)
    0x0000014c   0x0000014c   0x00000002   Code   RO          377    .ARM.Collect$$libinit$$00000000  c_p.l(libinit.o)
    0x0000014e   0x0000014e   0x00000000   Code   RO          379    .ARM.Collect$$libinit$$00000002  c_p.l(libinit2.o)
    0x0000014e   0x0000014e   0x00000000   Code   RO          381    .ARM.Collect$$libinit$$00000004  c_p.l(libinit2.o)
    0x0000014e   0x0000014e   0x00000000   Code   RO          384    .ARM.Collect$$libinit$$0000000A  c_p.l(libinit2.o)
    0x0000014e   0x0000014e   0x00000000   Code   RO          386    .ARM.Collect$$libinit$$0000000C  c_p.l(libinit2.o)
    0x0000014e   0x0000014e   0x00000000   Code   RO          388    .ARM.Collect$$libinit$$0000000E  c_p.l(libinit2.o)
    0x0000014e   0x0000014e   0x00000006   Code   RO          389    .ARM.Collect$$libinit$$0000000F  c_p.l(libinit2.o)
    0x00000154   0x00000154   0x00000000   Code   RO          391    .ARM.Collect$$libinit$$00000011  c_p.l(libinit2.o)
    0x00000154   0x00000154   0x00000000   Code   RO          393    .ARM.Collect$$libinit$$00000013  c_p.l(libinit2.o)
    0x00000154   0x00000154   0x00000000   Code   RO          395    .ARM.Collect$$libinit$$00000015  c_p.l(libinit2.o)
    0x00000154   0x00000154   0x0000000a   Code   RO          396    .ARM.Collect$$libinit$$00000016  c_p.l(libinit2.o)
    0x0000015e   0x0000015e   0x00000000   Code   RO          397    .ARM.Collect$$libinit$$00000017  c_p.l(libinit2.o)
    0x0000015e   0x0000015e   0x00000000   Code   RO          399    .ARM.Collect$$libinit$$00000019  c_p.l(libinit2.o)
    0x0000015e   0x0000015e   0x00000000   Code   RO          401    .ARM.Collect$$libinit$$0000001B  c_p.l(libinit2.o)
    0x0000015e   0x0000015e   0x00000000   Code   RO          403    .ARM.Collect$$libinit$$0000001D  c_p.l(libinit2.o)
    0x0000015e   0x0000015e   0x00000000   Code   RO          405    .ARM.Collect$$libinit$$0000001F  c_p.l(libinit2.o)
    0x0000015e   0x0000015e   0x00000000   Code   RO          407    .ARM.Collect$$libinit$$00000021  c_p.l(libinit2.o)
    0x0000015e   0x0000015e   0x00000000   Code   RO          409    .ARM.Collect$$libinit$$00000023  c_p.l(libinit2.o)
    0x0000015e   0x0000015e   0x00000000   Code   RO          411    .ARM.Collect$$libinit$$00000025  c_p.l(libinit2.o)
    0x0000015e   0x0000015e   0x00000000   Code   RO          415    .ARM.Collect$$libinit$$0000002C  c_p.l(libinit2.o)
    0x0000015e   0x0000015e   0x00000000   Code   RO          417    .ARM.Collect$$libinit$$0000002E  c_p.l(libinit2.o)
    0x0000015e   0x0000015e   0x00000000   Code   RO          419    .ARM.Collect$$libinit$$00000030  c_p.l(libinit2.o)
    0x0000015e   0x0000015e   0x00000000   Code   RO          421    .ARM.Collect$$libinit$$00000032  c_p.l(libinit2.o)
    0x0000015e   0x0000015e   0x00000002   Code   RO          422    .ARM.Collect$$libinit$$00000033  c_p.l(libinit2.o)
    0x00000160   0x00000160   0x00000002   Code   RO          478    .ARM.Collect$$libshutdown$$00000000  c_p.l(libshutdown.o)
    0x00000162   0x00000162   0x00000000   Code   RO          496    .ARM.Collect$$libshutdown$$00000002  c_p.l(libshutdown2.o)
    0x00000162   0x00000162   0x00000000   Code   RO          498    .ARM.Collect$$libshutdown$$00000004  c_p.l(libshutdown2.o)
    0x00000162   0x00000162   0x00000000   Code   RO          501    .ARM.Collect$$libshutdown$$00000007  c_p.l(libshutdown2.o)
    0x00000162   0x00000162   0x00000000   Code   RO          504    .ARM.Collect$$libshutdown$$0000000A  c_p.l(libshutdown2.o)
    0x00000162   0x00000162   0x00000000   Code   RO          506    .ARM.Collect$$libshutdown$$0000000C  c_p.l(libshutdown2.o)
    0x00000162   0x00000162   0x00000000   Code   RO          509    .ARM.Collect$$libshutdown$$0000000F  c_p.l(libshutdown2.o)
    0x00000162   0x00000162   0x00000002   Code   RO          510    .ARM.Collect$$libshutdown$$00000010  c_p.l(libshutdown2.o)
    0x00000164   0x00000164   0x00000000   Code   RO          253    .ARM.Collect$$rtentry$$00000000  c_p.l(__rtentry.o)
    0x00000164   0x00000164   0x00000000   Code   RO          301    .ARM.Collect$$rtentry$$00000002  c_p.l(__rtentry2.o)
    0x00000164   0x00000164   0x00000006   Code   RO          313    .ARM.Collect$$rtentry$$00000004  c_p.l(__rtentry4.o)
    0x0000016a   0x0000016a   0x00000000   Code   RO          303    .ARM.Collect$$rtentry$$00000009  c_p.l(__rtentry2.o)
    0x0000016a   0x0000016a   0x00000004   Code   RO          304    .ARM.Collect$$rtentry$$0000000A  c_p.l(__rtentry2.o)
    0x0000016e   0x0000016e   0x00000000   Code   RO          306    .ARM.Collect$$rtentry$$0000000C  c_p.l(__rtentry2.o)
    0x0000016e   0x0000016e   0x00000008   Code   RO          307    .ARM.Collect$$rtentry$$0000000D  c_p.l(__rtentry2.o)
    0x00000176   0x00000176   0x00000002   Code   RO          424    .ARM.Collect$$rtexit$$00000000  c_p.l(rtexit.o)
    0x00000178   0x00000178   0x00000000   Code   RO          443    .ARM.Collect$$rtexit$$00000002  c_p.l(rtexit2.o)
    0x00000178   0x00000178   0x00000004   Code   RO          444    .ARM.Collect$$rtexit$$00000003  c_p.l(rtexit2.o)
    0x0000017c   0x0000017c   0x00000006   Code   RO          445    .ARM.Collect$$rtexit$$00000004  c_p.l(rtexit2.o)
    0x00000182   0x00000182   0x00000002   PAD
    0x00000184   0x00000184   0x00000034   Code   RO          169  * .text               startup_mkl05z4.o
    0x000001b8   0x000001b8   0x00000028   Code   RO          194    .text               c_p.l(noretval__2sprintf.o)
    0x000001e0   0x000001e0   0x00000160   Code   RO          213    .text               c_p.l(__printf_ss_wp.o)
    0x00000340   0x00000340   0x00000006   Code   RO          228    .text               c_p.l(heapauxi.o)
    0x00000346   0x00000346   0x00000002   PAD
    0x00000348   0x00000348   0x0000006c   Code   RO          237    .text               fz_ps.l(dfixi.o)
    0x000003b4   0x000003b4   0x00000016   Code   RO          258    .text               c_p.l(_rserrno.o)
    0x000003ca   0x000003ca   0x00000002   PAD
    0x000003cc   0x000003cc   0x00000030   Code   RO          264    .text               c_p.l(_printf_char_common.o)
    0x000003fc   0x000003fc   0x00000002   Code   RO          465    .text               c_p.l(use_no_semi.o)
    0x000003fe   0x000003fe   0x00000000   Code   RO          467    .text               c_p.l(indicate_semi.o)
    0x000003fe   0x000003fe   0x00000000   Code   RO          269    x$fpl$usenofp       fz_ps.l(usenofp.o)
    0x000003fe   0x000003fe   0x00000002   Data   RO           70    .rodata.elec_array  tsi.o
    0x00000400   0x00000400   0x00000010   Code   RO          168    .ARM.__at_0x400     startup_mkl05z4.o
    0x00000410   0x00000410   0x000001f8   Code   RO          220    .text               c_p.l(aeabi_sdivfast.o)
    0x00000608   0x00000608   0x00000358   Code   RO          232    .text               fz_ps.l(daddsub.o)
    0x00000960   0x00000960   0x00000448   Code   RO          234    .text               fz_ps.l(ddiv.o)
    0x00000da8   0x00000da8   0x00000058   Code   RO          239    .text               fz_ps.l(dflti.o)
    0x00000e00   0x00000e00   0x00000248   Code   RO          241    .text               fz_ps.l(dmul.o)
    0x00001048   0x00001048   0x00000414   Code   RO          260    .text               c_p.l(_printf_fp_dec.o)
    0x0000145c   0x0000145c   0x0000000a   Code   RO          266    .text               c_p.l(_sputc.o)
    0x00001466   0x00001466   0x00000002   PAD
    0x00001468   0x00001468   0x00000008   Code   RO          320    .text               c_p.l(rt_locale_intlibspace.o)
    0x00001470   0x00001470   0x00000008   Code   RO          325    .text               c_p.l(rt_errno_addr_intlibspace.o)
    0x00001478   0x00001478   0x0000007a   Code   RO          327    .text               c_p.l(lludiv10.o)
    0x000014f2   0x000014f2   0x00000002   PAD
    0x000014f4   0x000014f4   0x00000088   Code   RO          329    .text               c_p.l(_printf_fp_infnan.o)
    0x0000157c   0x0000157c   0x000000d8   Code   RO          333    .text               c_p.l(bigflt0.o)
    0x00001654   0x00001654   0x00000580   Code   RO          336    .text               c_p.l(btod.o)
    0x00001bd4   0x00001bd4   0x00000028   Code   RO          346    .text               c_p.l(rtudiv10.o)
    0x00001bfc   0x00001bfc   0x00000060   Code   RO          348    .text               fz_ps.l(dscalbn.o)
    0x00001c5c   0x00001c5c   0x00000008   Code   RO          356    .text               c_p.l(libspace.o)
    0x00001c64   0x00001c64   0x0000003e   Code   RO          359    .text               c_p.l(sys_stackheap_outer.o)
    0x00001ca2   0x00001ca2   0x00000010   Code   RO          364    .text               c_p.l(exit.o)
    0x00001cb2   0x00001cb2   0x00000002   PAD
    0x00001cb4   0x00001cb4   0x000000b0   Code   RO          370    .text               c_p.l(strcmpv6m.o)
    0x00001d64   0x00001d64   0x0000000c   Code   RO          438    .text               c_p.l(sys_exit.o)
    0x00001d70   0x00001d70   0x0000001c   Code   RO           16    .text.Change_Signal  main.o
    0x00001d8c   0x00001d8c   0x00000024   Code   RO           42    .text.DAC_Init      dac.o
    0x00001db0   0x00001db0   0x00000028   Code   RO           44    .text.DAC_Load_Trig  dac.o
    0x00001dd8   0x00001dd8   0x00000068   Code   RO          123    .text.I2C_Init      i2c.o
    0x00001e40   0x00001e40   0x00000040   Code   RO          125    .text.I2C_Write     i2c.o
    0x00001e80   0x00001e80   0x00000010   Code   RO          110    .text.LCD1602_Backlight  lcd1602.o
    0x00001e90   0x00001e90   0x0000004c   Code   RO           98    .text.LCD1602_Init  lcd1602.o
    0x00001edc   0x00001edc   0x00000020   Code   RO          108    .text.LCD1602_Print  lcd1602.o
    0x00001efc   0x00001efc   0x00000018   Code   RO          104    .text.LCD1602_SetCursor  lcd1602.o
    0x00001f14   0x00001f14   0x00000028   Code   RO          112    .text.LCD1602_Write4  lcd1602.o
    0x00001f3c   0x00001f3c   0x0000001a   Code   RO          102    .text.LCD1602_Write8  lcd1602.o
    0x00001f56   0x00001f56   0x00000002   PAD
    0x00001f58   0x00001f58   0x0000001c   Code   RO          100    .text.PCF8574_Write  lcd1602.o
    0x00001f74   0x00001f74   0x00000090   Code   RO            2    .text.PIT_IRQHandler  main.o
    0x00002004   0x00002004   0x0000003c   Code   RO          152    .text.PIT_Init      pit.o
    0x00002040   0x00002040   0x0000002c   Code   RO           81    .text.PORTA_IRQHandler  buttons.o
    0x0000206c   0x0000206c   0x0000002c   Code   RO           10    .text.SawInit       main.o
    0x00002098   0x00002098   0x00000054   Code   RO            8    .text.SineInit      main.o
    0x000020ec   0x000020ec   0x00000020   Code   RO           14    .text.SysTick_Config  main.o
    0x0000210c   0x0000210c   0x0000006c   Code   RO           18    .text.SysTick_Handler  main.o
    0x00002178   0x00002178   0x00000018   Code   RO            6    .text.SysTick_Init  main.o
    0x00002190   0x00002190   0x0000004c   Code   RO          178    .text.SystemInit    system_mkl05z4.o
    0x000021dc   0x000021dc   0x00000018   Code   RO           66    .text.TSI0_IRQHandler  tsi.o
    0x000021f4   0x000021f4   0x00000048   Code   RO           54    .text.TSI_Init      tsi.o
    0x0000223c   0x0000223c   0x00000050   Code   RO           62    .text.TSI_ReadSlider  tsi.o
    0x0000228c   0x0000228c   0x0000005c   Code   RO           12    .text.TriangleInit  main.o
    0x000022e8   0x000022e8   0x0000000c   Code   RO           56    .text.__NVIC_ClearPendingIRQ  tsi.o
    0x000022f4   0x000022f4   0x0000000c   Code   RO           85    .text.__NVIC_ClearPendingIRQ  buttons.o
    0x00002300   0x00002300   0x00000010   Code   RO          154    .text.__NVIC_ClearPendingIRQ  pit.o
    0x00002310   0x00002310   0x0000000c   Code   RO           58    .text.__NVIC_EnableIRQ  tsi.o
    0x0000231c   0x0000231c   0x0000000c   Code   RO           87    .text.__NVIC_EnableIRQ  buttons.o
    0x00002328   0x00002328   0x00000010   Code   RO          156    .text.__NVIC_EnableIRQ  pit.o
    0x00002338   0x00002338   0x00000018   Code   RO           20    .text.__NVIC_SetPriority  main.o
    0x00002350   0x00002350   0x00000018   Code   RO           89    .text.__NVIC_SetPriority  buttons.o
    0x00002368   0x00002368   0x000000d8   Code   RO           83    .text.buttonsInitialize  buttons.o
    0x00002440   0x00002440   0x0000004c   Code   RO           64    .text.change_electrode  tsi.o
    0x0000248c   0x0000248c   0x0000000c   Code   RO          139    .text.i2c_disable   i2c.o
    0x00002498   0x00002498   0x0000000c   Code   RO          127    .text.i2c_enable    i2c.o
    0x000024a4   0x000024a4   0x0000000c   Code   RO          131    .text.i2c_m_start   i2c.o
    0x000024b0   0x000024b0   0x0000000c   Code   RO          137    .text.i2c_m_stop    i2c.o
    0x000024bc   0x000024bc   0x0000000c   Code   RO          133    .text.i2c_send      i2c.o
    0x000024c8   0x000024c8   0x00000010   Code   RO          129    .text.i2c_tran      i2c.o
    0x000024d8   0x000024d8   0x00000044   Code   RO          135    .text.i2c_wait      i2c.o
    0x0000251c   0x0000251c   0x000000a8   Code   RO            4    .text.main          main.o
    0x000025c4   0x000025c4   0x000000ac   Code   RO           60    .text.self_calibration  tsi.o
    0x00002670   0x00002670   0x000001f6   Code   RO          221    .text_divfast       c_p.l(aeabi_sdivfast.o)
    0x00002866   0x00002866   0x00000030   Code   RO          339    i.__ARM_common_ll_muluu  c_p.l(btod.o)
    0x00002896   0x00002896   0x00000002   PAD
    0x00002898   0x00002898   0x0000002c   Code   RO          352    i.__ARM_fpclassify  m_ps.l(fpclassify.o)
    0x000028c4   0x000028c4   0x0000039c   Code   RO          287    i.__ieee754_rem_pio2  m_ps.l(rred.o)
    0x00002c60   0x00002c60   0x000000f4   Code   RO          270    i.__kernel_cos      m_ps.l(cos_i.o)
    0x00002d54   0x00002d54   0x000000ac   Code   RO          354    i.__kernel_poly     m_ps.l(poly.o)
    0x00002e00   0x00002e00   0x000000ec   Code   RO          294    i.__kernel_sin      m_ps.l(sin_i.o)
    0x00002eec   0x00002eec   0x0000000a   Code   RO          274    i.__mathlib_dbl_infnan  m_ps.l(dunder.o)
    0x00002ef6   0x00002ef6   0x00000010   Code   RO          276    i.__mathlib_dbl_invalid  m_ps.l(dunder.o)
    0x00002f06   0x00002f06   0x00000002   PAD
    0x00002f08   0x00002f08   0x00000014   Code   RO          279    i.__mathlib_dbl_underflow  m_ps.l(dunder.o)
    0x00002f1c   0x00002f1c   0x0000000e   Code   RO          208    i._is_digit         c_p.l(__printf_wp.o)
    0x00002f2a   0x00002f2a   0x00000002   PAD
    0x00002f2c   0x00002f2c   0x0000009c   Code   RO          246    i.sin               m_ps.l(sin.o)
    0x00002fc8   0x00002fc8   0x0000002c   Code   RO          344    locale$$code        c_p.l(lc_numeric_c.o)
    0x00002ff4   0x00002ff4   0x00000010   Code   RO          243    x$fpl$printf1       fz_ps.l(printf1.o)
    0x00003004   0x00003004   0x00000080   Data   RO          235    .constdata          fz_ps.l(ddiv.o)
    0x00003084   0x00003084   0x00000004   PAD
    0x00003088   0x00003088   0x00000030   Data   RO          271    .constdata          m_ps.l(cos_i.o)
    0x000030b8   0x000030b8   0x000000cc   Data   RO          289    .constdata          m_ps.l(rred.o)
    0x00003184   0x00003184   0x00000004   PAD
    0x00003188   0x00003188   0x00000028   Data   RO          295    .constdata          m_ps.l(sin_i.o)
    0x000031b0   0x000031b0   0x00000094   Data   RO          334    .constdata          c_p.l(bigflt0.o)
    0x00003244   0x00003244   0x00000020   Data   RO          511    Region$$Table       anon$$obj.o
    0x00003264   0x00003264   0x0000001c   Data   RO          343    locale$$data        c_p.l(lc_numeric_c.o)


    Execution Region ER_RW (Exec base: 0x1ffffc00, Load base: 0x00003280, Size: 0x00000018, Max: 0xffffffff, ABSOLUTE)

    Exec Addr    Load Addr    Size         Type   Attr      Idx    E Section Name        Object

    0x1ffffc00   0x00003280   0x00000004   Data   RW          182    .data.SystemCoreClock  system_mkl05z4.o
    0x1ffffc04   0x00003284   0x00000011   Data   RW           30    .data.display       main.o
    0x1ffffc15   0x00003295   0x00000001   Data   RW          114    .data.lcd_backlight  lcd1602.o
    0x1ffffc16   0x00003296   0x00000001   Data   RW           31    .data.w2            main.o
    0x1ffffc17   0x00003297   0x00000001   Data   RW           23    .data.wynik_ok      main.o


    Execution Region ER_ZI (Exec base: 0x1ffffc18, Load base: 0x00003298, Size: 0x00000cf0, Max: 0xffffffff, ABSOLUTE)

    Exec Addr    Load Addr    Size         Type   Attr      Idx    E Section Name        Object

    0x1ffffc18        -       0x00000060   Zero   RW          357    .bss                c_p.l(libspace.o)
    0x1ffffc78        -       0x00000001   Zero   RW           24    .bss.PIT_enable     main.o
    0x1ffffc79   0x00003298   0x00000007   PAD
    0x1ffffc80        -       0x00000320   Zero   RW           27    .bss.Saw            main.o
    0x1fffffa0        -       0x00000320   Zero   RW           26    .bss.Sinus          main.o
    0x200002c0        -       0x00000320   Zero   RW           28    .bss.Triangle       main.o
    0x200005e0        -       0x00000008   Zero   RW           22    .bss.beep           main.o
    0x200005e8        -       0x00000004   Zero   RW           29    .bss.counter        main.o
    0x200005ec        -       0x00000001   Zero   RW           68    .bss.end_flag       tsi.o
    0x200005ed        -       0x00000001   Zero   RW          143    .bss.error          i2c.o
    0x200005ee   0x00003298   0x00000002   PAD
    0x200005f0        -       0x00000008   Zero   RW           25    .bss.freq           main.o
    0x200005f8        -       0x00000001   Zero   RW           32    .bss.generator_mode  main.o
    0x200005f9   0x00003298   0x00000001   PAD
    0x200005fa        -       0x00000004   Zero   RW           71    .bss.gu16Baseline   tsi.o
    0x200005fe        -       0x00000004   Zero   RW           69    .bss.gu16Delta      tsi.o
    0x20000602        -       0x00000001   Zero   RW           72    .bss.ongoing_elec   tsi.o
    0x20000603   0x00003298   0x00000005   PAD
    0x20000608        -       0x00000000   Zero   RW          166    HEAP                startup_mkl05z4.o
    0x20000608        -       0x00000300   Zero   RW          165    STACK               startup_mkl05z4.o


==============================================================================

Image component sizes


      Code (inc. data)   RO Data    RW Data    ZI Data      Debug   Object Name

       308         24          0          0          0       3841   buttons.o
        76         12          0          0          0       1934   dac.o
       312         36          0          0          1       3037   i2c.o
       242         12          0          1          0       2008   lcd1602.o
       748        140          0         19       2422       4830   main.o
        92         20          0          0          0       3199   pit.o
        68         38        192          0        768        916   startup_mkl05z4.o
        76         16          0          4          0       2353   system_mkl05z4.o
       448         44          2          0         10       4382   tsi.o

    ----------------------------------------------------------------------
      2372        342        226         24       3216      26500   Object Totals
         0          0         32          0          0          0   (incl. Generated)
         2          0          0          0         15          0   (incl. Padding)

    ----------------------------------------------------------------------

      Code (inc. data)   RO Data    RW Data    ZI Data      Debug   Library Member Name

         8          0          0          0          0         68   __main.o
       352          0          0          0          0         76   __printf_ss_wp.o
        14          0          0          0          0         60   __printf_wp.o
         0          0          0          0          0          0   __rtentry.o
        12          0          0          0          0          0   __rtentry2.o
         6          0          0          0          0          0   __rtentry4.o
        60          8          0          0          0          0   __scatter.o
        26          0          0          0          0          0   __scatter_copy.o
        28          0          0          0          0          0   __scatter_zi.o
        48          6          0          0          0         88   _printf_char_common.o
        10          0          0          0          0          0   _printf_f.o
      1044         12          0          0          0        116   _printf_fp_dec.o
       136         16          0          0          0         76   _printf_fp_infnan.o
         2          0          0          0          0          0   _printf_percent.o
         4          0          0          0          0          0   _printf_percent_end.o
        22          0          0          0          0         92   _rserrno.o
        10          0          0          0          0         60   _sputc.o
      1006          4          0          0          0        184   aeabi_sdivfast.o
       216          6        148          0          0         80   bigflt0.o
      1456         30          0          0          0        336   btod.o
        16          0          0          0          0         68   exit.o
         6          0          0          0          0        136   heapauxi.o
         0          0          0          0          0          0   indicate_semi.o
        44         10         28          0          0         76   lc_numeric_c.o
         2          0          0          0          0          0   libinit.o
        18          0          0          0          0          0   libinit2.o
         2          0          0          0          0          0   libshutdown.o
         2          0          0          0          0          0   libshutdown2.o
         8          4          0          0         96         68   libspace.o
       122          0          0          0          0         72   lludiv10.o
        40          4          0          0          0         84   noretval__2sprintf.o
         8          4          0          0          0         68   rt_errno_addr_intlibspace.o
         8          4          0          0          0         68   rt_locale_intlibspace.o
         2          0          0          0          0          0   rtexit.o
        10          0          0          0          0          0   rtexit2.o
        40          0          0          0          0         60   rtudiv10.o
       176          4          0          0          0         80   strcmpv6m.o
        12          4          0          0          0         60   sys_exit.o
        62          0          0          0          0         80   sys_stackheap_outer.o
         2          0          0          0          0         68   use_no_semi.o
       856         20          0          0          0        208   daddsub.o
      1096         26        128          0          0        112   ddiv.o
       108         10          0          0          0         72   dfixi.o
        88          0          0          0          0         92   dflti.o
       584         26          0          0          0         84   dmul.o
        96         12          0          0          0         72   dscalbn.o
        16          4          0          0          0         76   printf1.o
         0          0          0          0          0          0   usenofp.o
       244         20         48          0          0         92   cos_i.o
        46          6          0          0          0        204   dunder.o
        44          4          0          0          0         60   fpclassify.o
       172          0          0          0          0         76   poly.o
       924         86        204          0          0        120   rred.o
       156         10          0          0          0        104   sin.o
       236         14         40          0          0        100   sin_i.o

    ----------------------------------------------------------------------
      9726        354        604          0         96       3696   Library Totals
        20          0          8          0          0          0   (incl. Padding)

    ----------------------------------------------------------------------

      Code (inc. data)   RO Data    RW Data    ZI Data      Debug   Library Name

      5040        116        176          0         96       2224   c_p.l
      2844         98        128          0          0        716   fz_ps.l
      1822        140        292          0          0        756   m_ps.l

    ----------------------------------------------------------------------
      9726        354        604          0         96       3696   Library Totals

    ----------------------------------------------------------------------

==============================================================================


      Code (inc. data)   RO Data    RW Data    ZI Data      Debug   

     12098        696        830         24       3312      28396   Grand Totals
     12098        696        830         24       3312      28396   ELF Image Totals
     12098        696        830         24          0          0   ROM Totals

==============================================================================

    Total RO  Size (Code + RO Data)                12928 (  12.63kB)
    Total RW  Size (RW Data + ZI Data)              3336 (   3.26kB)
    Total ROM Size (Code + RO Data + RW Data)      12952 (  12.65kB)

==============================================================================

